-- west build: generating a build system
Loading Zephyr default modules (Zephyr base).
-- Application: /mnt/c/Users/10469/Workspace/starryos_t/tgoskits-rt-ivc/competition/rt-baseline/zephyr
-- CMake version: 3.22.1
-- Found Python3: /mnt/c/Users/10469/Workspace/starryos_t/tgoskits-rt-ivc/tmp/zephyr-venv/bin/python (found suitable version "3.13.7", minimum required is "3.10") found components: Interpreter 
-- Cache files will be written to: /home/seven_wsl/.cache/zephyr
-- Zephyr version: 4.3.0 (/mnt/c/Users/10469/Workspace/starryos_t/tgoskits-rt-ivc/tmp/zephyr-v4.3.0)
-- Found west (found suitable version "1.5.0", minimum required is "0.14.0")
-- Board: roc_rk3588_pc, qualifiers: rk3588
-- Found toolchain: cross-compile (/mnt/c/Users/10469/Workspace/starryos_t/tgoskits-rt-ivc/tmp/zephyr-toolchain/bin/aarch64-zephyr-)
-- Found Dtc: /usr/bin/dtc (found suitable version "1.6.1", minimum required is "1.4.6") 
-- Found BOARD.dts: /mnt/c/Users/10469/Workspace/starryos_t/tgoskits-rt-ivc/tmp/zephyr-v4.3.0/boards/firefly/roc_rk3588_pc/roc_rk3588_pc.dts
-- Generated zephyr.dts: /mnt/c/Users/10469/Workspace/starryos_t/tgoskits-rt-ivc/tmp/competition/rt-baseline/orangepi-20260818/cpu-stress-v1/build/zephyr/zephyr.dts
-- Generated pickled edt: /mnt/c/Users/10469/Workspace/starryos_t/tgoskits-rt-ivc/tmp/competition/rt-baseline/orangepi-20260818/cpu-stress-v1/build/zephyr/edt.pickle
-- Generated devicetree_generated.h: /mnt/c/Users/10469/Workspace/starryos_t/tgoskits-rt-ivc/tmp/competition/rt-baseline/orangepi-20260818/cpu-stress-v1/build/zephyr/include/generated/zephyr/devicetree_generated.h
Parsing /mnt/c/Users/10469/Workspace/starryos_t/tgoskits-rt-ivc/competition/rt-baseline/zephyr/Kconfig
Loaded configuration '/mnt/c/Users/10469/Workspace/starryos_t/tgoskits-rt-ivc/tmp/zephyr-v4.3.0/boards/firefly/roc_rk3588_pc/roc_rk3588_pc_defconfig'
Merged configuration '/mnt/c/Users/10469/Workspace/starryos_t/tgoskits-rt-ivc/competition/rt-baseline/zephyr/prj.conf'
Merged configuration '/mnt/c/Users/10469/Workspace/starryos_t/tgoskits-rt-ivc/competition/rt-baseline/zephyr/stress.conf'
Configuration saved to '/mnt/c/Users/10469/Workspace/starryos_t/tgoskits-rt-ivc/tmp/competition/rt-baseline/orangepi-20260818/cpu-stress-v1/build/zephyr/.config'
Kconfig header saved to '/mnt/c/Users/10469/Workspace/starryos_t/tgoskits-rt-ivc/tmp/competition/rt-baseline/orangepi-20260818/cpu-stress-v1/build/zephyr/include/generated/zephyr/autoconf.h'
-- Found GnuLd: /usr/aarch64-linux-gnu/bin/ld.bfd (found version "2.38") 
-- The C compiler identification is GNU 11.4.0
-- The CXX compiler identification is GNU 11.4.0
-- The ASM compiler identification is GNU
-- Found assembler: /mnt/c/Users/10469/Workspace/starryos_t/tgoskits-rt-ivc/tmp/zephyr-toolchain/bin/aarch64-zephyr-gcc
-- Found gen_kobject_list: /mnt/c/Users/10469/Workspace/starryos_t/tgoskits-rt-ivc/tmp/zephyr-v4.3.0/scripts/build/gen_kobject_list.py
CMake Warning at /mnt/c/Users/10469/Workspace/starryos_t/tgoskits-rt-ivc/tmp/zephyr-v4.3.0/CMakeLists.txt:2354 (message):
  __ASSERT() statements are globally ENABLED


-- Configuring done
-- Generating done
-- Build files have been written to: /mnt/c/Users/10469/Workspace/starryos_t/tgoskits-rt-ivc/tmp/competition/rt-baseline/orangepi-20260818/cpu-stress-v1/build
-- west build: building application
[1/147] Generating include/generated/zephyr/version.h
-- Zephyr version: 4.3.0 (/mnt/c/Users/10469/Workspace/starryos_t/tgoskits-rt-ivc/tmp/zephyr-v4.3.0), build: v4.3.0
[2/147] Preparing syscall dependency handling

[3/147] Generating misc/generated/syscalls_subdirs.trigger
[4/147] Generating misc/generated/syscalls.json, misc/generated/struct_tags.json
[5/147] Generating include/generated/device-api-sections.ld, include/generated/device-api-sections.cmake
[6/147] Generating include/generated/zephyr/syscall_dispatch.c, include/generated/zephyr/syscall_exports_llext.c, syscall_weakdefs_llext.c, include/generated/zephyr/syscall_list.h
[7/147] Generating include/generated/zephyr/driver-validation.h
[8/147] Generating include/generated/zephyr/kobj-types-enum.h, include/generated/zephyr/otype-to-str.h, include/generated/zephyr/otype-to-size.h
[9/147] Building C object zephyr/CMakeFiles/offsets.dir/arch/arm64/core/offsets/offsets.c.obj
[10/147] Generating include/generated/zephyr/offsets.h
[11/147] Building C object zephyr/CMakeFiles/zephyr.dir/misc/generated/configs.c.obj
[12/147] Building C object zephyr/CMakeFiles/zephyr.dir/lib/utils/dec.c.obj
[13/147] Building C object zephyr/CMakeFiles/zephyr.dir/lib/utils/bitmask.c.obj
[14/147] Generating linker_zephyr_pre0.cmd
[15/147] Building C object zephyr/CMakeFiles/zephyr.dir/lib/utils/hex.c.obj
[16/147] Building C object zephyr/CMakeFiles/zephyr.dir/lib/utils/ring_buffer.c.obj
[17/147] Building C object zephyr/CMakeFiles/zephyr.dir/soc/rockchip/rk35/rk3588/mmu_regions.c.obj
[18/147] Building C object zephyr/CMakeFiles/zephyr.dir/lib/utils/timeutil.c.obj
[19/147] Building C object zephyr/arch/common/CMakeFiles/arch__common.dir/init.c.obj
[20/147] Building ASM object zephyr/arch/arch/arm64/core/CMakeFiles/arch__arm64__core.dir/early_mem_funcs.S.obj
[21/147] Building C object zephyr/CMakeFiles/zephyr.dir/lib/os/poweroff.c.obj
[22/147] Building C object zephyr/CMakeFiles/zephyr.dir/lib/os/cbprintf.c.obj
[23/147] Building C object CMakeFiles/app.dir/src/main.c.obj
[24/147] Building C object zephyr/CMakeFiles/zephyr.dir/lib/os/cbprintf_complete.c.obj
[25/147] Building C object zephyr/CMakeFiles/zephyr.dir/lib/os/thread_entry.c.obj
[26/147] Building C object zephyr/CMakeFiles/zephyr.dir/lib/utils/rb.c.obj
[27/147] Building C object zephyr/CMakeFiles/zephyr.dir/lib/os/cbprintf_packaged.c.obj
[28/147] Building C object zephyr/CMakeFiles/zephyr.dir/lib/os/assert.c.obj
[29/147] Linking C static library app/libapp.a
[30/147] Building C object zephyr/CMakeFiles/zephyr.dir/lib/os/sem.c.obj
[31/147] Building C object zephyr/CMakeFiles/zephyr.dir/subsys/tracing/tracing_none.c.obj
[32/147] Building C object zephyr/CMakeFiles/zephyr.dir/lib/heap/heap.c.obj
[33/147] Building C object zephyr/CMakeFiles/zephyr.dir/lib/libc/validate_libc.c.obj
[34/147] Building C object zephyr/CMakeFiles/zephyr.dir/lib/os/clock.c.obj
[35/147] Building C object zephyr/CMakeFiles/zephyr.dir/lib/os/printk.c.obj
[36/147] Building C object zephyr/CMakeFiles/zephyr.dir/lib/utils/bitarray.c.obj
[37/147] Building C object zephyr/arch/common/CMakeFiles/isr_tables.dir/isr_tables.c.obj
[38/147] Building ASM object zephyr/arch/arch/arm64/core/CMakeFiles/arch__arm64__core.dir/fpu.S.obj
[39/147] Linking C static library zephyr/arch/common/libisr_tables.a
[40/147] Generating ../../../include/generated/libc/minimal/strerror_table.h
[41/147] Building C object zephyr/arch/common/CMakeFiles/arch__common.dir/sw_isr_common.c.obj
[42/147] Building C object zephyr/CMakeFiles/zephyr_pre0.dir/misc/empty_file.c.obj
[43/147] Linking C static library zephyr/arch/common/libarch__common.a
[44/147] Building ASM object zephyr/arch/arch/arm64/core/CMakeFiles/arch__arm64__core.dir/cpu_idle.S.obj
[45/147] Building C object zephyr/arch/arch/arm64/core/CMakeFiles/arch__arm64__core.dir/irq_init.c.obj
[46/147] Building C object zephyr/arch/arch/arm64/core/CMakeFiles/arch__arm64__core.dir/irq_manage.c.obj
[47/147] Building ASM object zephyr/arch/arch/arm64/core/CMakeFiles/arch__arm64__core.dir/reset.S.obj
[48/147] Building C object zephyr/lib/libc/minimal/CMakeFiles/lib__libc__minimal.dir/source/stdlib/atoi.c.obj
[49/147] Building ASM object zephyr/arch/arch/arm64/core/CMakeFiles/arch__arm64__core.dir/vector_table.S.obj
[50/147] Building ASM object zephyr/arch/arch/arm64/core/CMakeFiles/arch__arm64__core.dir/switch.S.obj
[51/147] Building C object zephyr/lib/libc/common/CMakeFiles/lib__libc__common.dir/source/time/asctime.c.obj
[52/147] Building C object zephyr/lib/libc/minimal/CMakeFiles/lib__libc__minimal.dir/source/stdlib/strtol.c.obj
[53/147] Building C object zephyr/lib/libc/minimal/CMakeFiles/lib__libc__minimal.dir/source/stdlib/bsearch.c.obj
[54/147] Building C object zephyr/lib/libc/minimal/CMakeFiles/lib__libc__minimal.dir/source/stdlib/strtoul.c.obj
[55/147] Building ASM object zephyr/arch/arch/arm64/core/CMakeFiles/arch__arm64__core.dir/mmu.S.obj
[56/147] Linking C static library zephyr/libzephyr.a
[57/147] Building C object zephyr/lib/libc/minimal/CMakeFiles/lib__libc__minimal.dir/source/stdlib/strtoll.c.obj
[58/147] Building C object zephyr/arch/arch/arm64/core/CMakeFiles/arch__arm64__core.dir/fatal.c.obj
[59/147] Building ASM object zephyr/arch/arch/arm64/core/CMakeFiles/arch__arm64__core.dir/isr_wrapper.S.obj
[60/147] Building ASM object zephyr/arch/arch/arm64/core/CMakeFiles/arch__arm64__core.dir/header.S.obj
[61/147] Building C object zephyr/lib/libc/minimal/CMakeFiles/lib__libc__minimal.dir/source/stdlib/strtoull.c.obj
[62/147] Building C object zephyr/lib/libc/minimal/CMakeFiles/lib__libc__minimal.dir/source/string/strstr.c.obj
[63/147] Building C object zephyr/lib/libc/minimal/CMakeFiles/lib__libc__minimal.dir/source/string/strncasecmp.c.obj
[64/147] Building ASM object zephyr/arch/arch/arm64/core/CMakeFiles/arch__arm64__core.dir/smccc-call.S.obj
[65/147] Building C object zephyr/arch/arch/arm64/core/CMakeFiles/arch__arm64__core.dir/prep_c.c.obj
[66/147] Building C object zephyr/lib/libc/minimal/CMakeFiles/lib__libc__minimal.dir/source/string/strspn.c.obj
[67/147] Building C object zephyr/lib/libc/minimal/CMakeFiles/lib__libc__minimal.dir/source/string/string.c.obj
[68/147] Building C object zephyr/lib/libc/minimal/CMakeFiles/lib__libc__minimal.dir/source/stdlib/qsort.c.obj
[69/147] Building C object zephyr/lib/libc/minimal/CMakeFiles/lib__libc__minimal.dir/source/string/strerror.c.obj
[70/147] Building C object zephyr/lib/libc/minimal/CMakeFiles/lib__libc__minimal.dir/source/math/sqrtf.c.obj
[71/147] Building C object zephyr/lib/libc/minimal/CMakeFiles/lib__libc__minimal.dir/source/math/sqrt.c.obj
[72/147] Building C object zephyr/lib/libc/common/CMakeFiles/lib__libc__common.dir/source/time/gmtime_r.c.obj
[73/147] Building C object zephyr/lib/libc/common/CMakeFiles/lib__libc__common.dir/source/string/strnlen.c.obj
[74/147] Building C object zephyr/lib/posix/c_lib_ext/CMakeFiles/lib__posix__c_lib_ext.dir/fnmatch.c.obj
[75/147] Building C object zephyr/lib/libc/common/CMakeFiles/lib__libc__common.dir/source/time/localtime_r_utc.c.obj
[76/147] Building C object zephyr/lib/libc/common/CMakeFiles/lib__libc__common.dir/source/time/ctime.c.obj
[77/147] Building C object zephyr/lib/libc/common/CMakeFiles/lib__libc__common.dir/source/stdlib/abort.c.obj
[78/147] Building C object zephyr/lib/libc/common/CMakeFiles/lib__libc__common.dir/source/time/time.c.obj
[79/147] Building C object zephyr/arch/arch/arm64/core/CMakeFiles/arch__arm64__core.dir/reboot.c.obj
[80/147] Building C object zephyr/arch/arch/arm64/core/CMakeFiles/arch__arm64__core.dir/thread.c.obj
[81/147] Building C object zephyr/arch/arch/arm64/core/CMakeFiles/arch__arm64__core.dir/reset.c.obj
[82/147] Building C object zephyr/arch/arch/arm64/core/CMakeFiles/arch__arm64__core.dir/fpu.c.obj
[83/147] Building C object zephyr/lib/libc/minimal/CMakeFiles/lib__libc__minimal.dir/source/stdout/sprintf.c.obj
[84/147] Building C object zephyr/lib/libc/minimal/CMakeFiles/lib__libc__minimal.dir/source/stdout/fprintf.c.obj
[85/147] Building C object zephyr/lib/libc/minimal/CMakeFiles/lib__libc__minimal.dir/source/stdlib/exit.c.obj
[86/147] Building C object zephyr/arch/arch/arm64/core/CMakeFiles/arch__arm64__core.dir/mmu.c.obj
[87/147] Building C object zephyr/lib/libc/minimal/CMakeFiles/lib__libc__minimal.dir/source/stdout/stdout_console.c.obj
[88/147] Building C object zephyr/lib/libc/minimal/CMakeFiles/lib__libc__minimal.dir/source/time/gmtime.c.obj
[89/147] Building C object zephyr/lib/libc/common/CMakeFiles/lib__libc__common.dir/source/stdlib/malloc.c.obj
[90/147] Building C object zephyr/drivers/console/CMakeFiles/drivers__console.dir/uart_console.c.obj
[91/147] Building C object zephyr/lib/posix/c_lib_ext/CMakeFiles/lib__posix__c_lib_ext.dir/getopt/getopt_common.c.obj
[92/147] Linking C static library zephyr/drivers/console/libdrivers__console.a
[93/147] Building C object zephyr/drivers/pm_cpu_ops/CMakeFiles/drivers__pm_cpu_ops.dir/pm_cpu_ops_weak_impl.c.obj
[94/147] Building C object zephyr/lib/posix/c_lib_ext/CMakeFiles/lib__posix__c_lib_ext.dir/getentropy.c.obj
[95/147] Building C object zephyr/drivers/timer/CMakeFiles/drivers__timer.dir/arm_arch_timer.c.obj
[96/147] Building C object zephyr/drivers/timer/CMakeFiles/drivers__timer.dir/sys_clock_init.c.obj
[97/147] Linking C static library zephyr/arch/arch/arm64/core/libarch__arm64__core.a
[98/147] Linking C static library zephyr/lib/libc/common/liblib__libc__common.a
[99/147] Building C object zephyr/drivers/pm_cpu_ops/CMakeFiles/drivers__pm_cpu_ops.dir/pm_cpu_ops_psci.c.obj
[100/147] Building C object zephyr/kernel/CMakeFiles/kernel.dir/version.c.obj
[101/147] Linking C static library zephyr/drivers/timer/libdrivers__timer.a
[102/147] Building C object zephyr/lib/posix/c_lib_ext/CMakeFiles/lib__posix__c_lib_ext.dir/getopt/getopt.c.obj
[103/147] Linking C static library zephyr/lib/libc/minimal/liblib__libc__minimal.a
[104/147] Linking C static library zephyr/drivers/pm_cpu_ops/libdrivers__pm_cpu_ops.a
[105/147] Building C object zephyr/drivers/serial/CMakeFiles/drivers__serial.dir/uart_ns16550.c.obj
[106/147] Building C object zephyr/drivers/interrupt_controller/CMakeFiles/drivers__interrupt_controller.dir/intc_gicv3.c.obj
[107/147] Linking C static library zephyr/lib/posix/c_lib_ext/liblib__posix__c_lib_ext.a
[108/147] Linking C static library zephyr/drivers/interrupt_controller/libdrivers__interrupt_controller.a
[109/147] Linking C static library zephyr/drivers/serial/libdrivers__serial.a
[110/147] Building C object zephyr/kernel/CMakeFiles/kernel.dir/main_weak.c.obj
[111/147] Building C object zephyr/kernel/CMakeFiles/kernel.dir/banner.c.obj
[112/147] Building C object zephyr/kernel/CMakeFiles/kernel.dir/busy_wait.c.obj
[113/147] Building C object zephyr/kernel/CMakeFiles/kernel.dir/device.c.obj
[114/147] Building C object zephyr/kernel/CMakeFiles/kernel.dir/errno.c.obj
[115/147] Building C object zephyr/kernel/CMakeFiles/kernel.dir/kheap.c.obj
[116/147] Building C object zephyr/kernel/CMakeFiles/kernel.dir/fatal.c.obj
[117/147] Building C object zephyr/kernel/CMakeFiles/kernel.dir/init.c.obj
[118/147] Building C object zephyr/kernel/CMakeFiles/kernel.dir/mem_slab.c.obj
[119/147] Building C object zephyr/kernel/CMakeFiles/kernel.dir/float.c.obj
[120/147] Building C object zephyr/kernel/CMakeFiles/kernel.dir/system_work_q.c.obj
[121/147] Building C object zephyr/kernel/CMakeFiles/kernel.dir/mailbox.c.obj
[122/147] Building C object zephyr/kernel/CMakeFiles/kernel.dir/queue.c.obj
[123/147] Building C object zephyr/kernel/CMakeFiles/kernel.dir/msg_q.c.obj
[124/147] Building C object zephyr/kernel/CMakeFiles/kernel.dir/idle.c.obj
[125/147] Building C object zephyr/kernel/CMakeFiles/kernel.dir/mutex.c.obj
[126/147] Building C object zephyr/kernel/CMakeFiles/kernel.dir/stack.c.obj
[127/147] Building C object zephyr/kernel/CMakeFiles/kernel.dir/sem.c.obj
[128/147] Building C object zephyr/kernel/CMakeFiles/kernel.dir/condvar.c.obj
[129/147] Building C object zephyr/kernel/CMakeFiles/kernel.dir/work.c.obj
[130/147] Building C object zephyr/kernel/CMakeFiles/kernel.dir/thread.c.obj
[131/147] Building C object zephyr/kernel/CMakeFiles/kernel.dir/spinlock_validate.c.obj
[132/147] Building C object zephyr/kernel/CMakeFiles/kernel.dir/pipe.c.obj
[133/147] Building C object zephyr/kernel/CMakeFiles/kernel.dir/sched.c.obj
[134/147] Building C object zephyr/kernel/CMakeFiles/kernel.dir/timeslicing.c.obj
[135/147] Building C object zephyr/kernel/CMakeFiles/kernel.dir/timeout.c.obj
[136/147] Building C object zephyr/kernel/CMakeFiles/kernel.dir/timer.c.obj
[137/147] Building C object zephyr/kernel/CMakeFiles/kernel.dir/usage.c.obj
[138/147] Building C object zephyr/kernel/CMakeFiles/kernel.dir/mempool.c.obj
[139/147] Building C object zephyr/kernel/CMakeFiles/kernel.dir/dynamic_disabled.c.obj
[140/147] Building C object zephyr/kernel/CMakeFiles/kernel.dir/mmu.c.obj
[141/147] Linking C static library zephyr/kernel/libkernel.a
[142/147] Linking C executable zephyr/zephyr_pre0.elf
[143/147] Generating linker.cmd
[144/147] Generating isr_tables.c, isr_tables_vt.ld, isr_tables_swi.ld
[145/147] Building C object zephyr/CMakeFiles/zephyr_final.dir/misc/empty_file.c.obj
[146/147] Building C object zephyr/CMakeFiles/zephyr_final.dir/isr_tables.c.obj
[147/147] Linking C executable zephyr/zephyr.elf
Memory region         Used Size  Region Size  %age Used
           FLASH:          0 GB         0 GB
             RAM:        440 KB         1 MB     42.97%
        IDT_LIST:          0 GB        32 KB      0.00%
Generating files from /mnt/c/Users/10469/Workspace/starryos_t/tgoskits-rt-ivc/tmp/competition/rt-baseline/orangepi-20260818/cpu-stress-v1/build/zephyr/zephyr.elf for board: roc_rk3588_pc
