    Finished `dev` profile [unoptimized + debuginfo] target(s) in 6.75s
     Running `target/debug/tg-xtask starry build -c /mnt/c/Users/10469/Workspace/starryos_t/tgoskits-rt-ivc/scripts/benchmark/axvisor-rt/config/starry-aarch64-rt.toml --smp 2`
[2026-08-11T17:24:37Z INFO  axbuild::context] Workspace root: /mnt/c/Users/10469/Workspace/starryos_t/tgoskits-rt-ivc
Using build config: /mnt/c/Users/10469/Workspace/starryos_t/tgoskits-rt-ivc/scripts/benchmark/axvisor-rt/config/starry-aarch64-rt.toml
[2026-08-11T17:24:43Z INFO  axbuild::build::config_file] Found build config at /mnt/c/Users/10469/Workspace/starryos_t/tgoskits-rt-ivc/scripts/benchmark/axvisor-rt/config/starry-aarch64-rt.toml
[axbuild] starry build package=starryos target=aarch64-unknown-none-softfloat arch=aarch64 ...
[axbuild] cargo build package=starryos target=aarch64-unknown-none-softfloat config=/mnt/c/Users/10469/Workspace/starryos_t/tgoskits-rt-ivc/scripts/benchmark/axvisor-rt/config/starry-aarch64-rt.toml ...
AX_ARCH=aarch64
AX_LOG=info
AX_TARGET=aarch64-unknown-none-softfloat
SMP=2
cargo build -p starryos --target aarch64-unknown-none-softfloat -Z unstable-options --target-dir /mnt/c/Users/10469/Workspace/starryos_t/tgoskits-rt-ivc/target --features ax-driver/virtio-blk,ax-driver/virtio-net,rt-irq-trace,smp -Z build-std=core,alloc --config target.aarch64-unknown-none-softfloat.rustflags=["-Crelocation-model=pic", "-Clink-args=-pie", "-Clink-args=--gc-sections", "-Clink-args=-znorelro", "-Clink-args=-znostart-stop-gc", "-Clink-args=-Tlinker.x", "-Clink-args=-u _head"] --bin starryos --release --message-format json-render-diagnostics
   Compiling ax-driver v0.12.3 (/mnt/c/Users/10469/Workspace/starryos_t/tgoskits-rt-ivc/drivers/ax-driver)
   Compiling axplat-dyn v0.7.15 (/mnt/c/Users/10469/Workspace/starryos_t/tgoskits-rt-ivc/platforms/axplat-dyn)
   Compiling ax-hal v0.5.31 (/mnt/c/Users/10469/Workspace/starryos_t/tgoskits-rt-ivc/os/arceos/modules/axhal)
   Compiling ax-ipi v0.5.30 (/mnt/c/Users/10469/Workspace/starryos_t/tgoskits-rt-ivc/os/arceos/modules/axipi)
   Compiling ax-mm v0.5.31 (/mnt/c/Users/10469/Workspace/starryos_t/tgoskits-rt-ivc/os/arceos/modules/axmm)
   Compiling ax-task v0.6.7 (/mnt/c/Users/10469/Workspace/starryos_t/tgoskits-rt-ivc/os/arceos/modules/axtask)
   Compiling ax-net v0.12.7 (/mnt/c/Users/10469/Workspace/starryos_t/tgoskits-rt-ivc/net/ax-net)
   Compiling ax-log v0.5.20 (/mnt/c/Users/10469/Workspace/starryos_t/tgoskits-rt-ivc/os/arceos/modules/axlog)
   Compiling ax-display v0.6.8 (/mnt/c/Users/10469/Workspace/starryos_t/tgoskits-rt-ivc/os/arceos/modules/axdisplay)
   Compiling ax-runtime v0.10.7 (/mnt/c/Users/10469/Workspace/starryos_t/tgoskits-rt-ivc/os/arceos/modules/axruntime)
   Compiling ax-api v0.7.7 (/mnt/c/Users/10469/Workspace/starryos_t/tgoskits-rt-ivc/os/arceos/api/arceos_api)
   Compiling ax-posix-api v0.5.32 (/mnt/c/Users/10469/Workspace/starryos_t/tgoskits-rt-ivc/os/arceos/api/arceos_posix_api)
   Compiling axnsproxy v0.3.4 (/mnt/c/Users/10469/Workspace/starryos_t/tgoskits-rt-ivc/os/StarryOS/axnsproxy)
   Compiling starry-signal v0.8.13 (/mnt/c/Users/10469/Workspace/starryos_t/tgoskits-rt-ivc/components/starry-signal)
   Compiling starry-process v0.4.16 (/mnt/c/Users/10469/Workspace/starryos_t/tgoskits-rt-ivc/components/starry-process)
   Compiling starry-kernel v0.7.7 (/mnt/c/Users/10469/Workspace/starryos_t/tgoskits-rt-ivc/os/StarryOS/kernel)
   Compiling ax-std v0.5.31 (/mnt/c/Users/10469/Workspace/starryos_t/tgoskits-rt-ivc/os/arceos/ulib/axstd)
   Compiling starryos v0.5.28 (/mnt/c/Users/10469/Workspace/starryos_t/tgoskits-rt-ivc/os/StarryOS/starryos)
    Finished `release` profile [optimized] target(s) in 44.79s
warning: the following packages contain code that will be rejected by a future version of Rust: core v0.0.0 (/home/seven_wsl/.rustup/toolchains/nightly-2026-07-15-x86_64-unknown-linux-gnu/lib/rustlib/src/rust/library/core), memchr v2.8.3
note: to see what the problems were, use the option `--future-incompat-report`, or run `cargo report future-incompatibilities --id 7`
Converting ELF to BIN format...
  elf: /mnt/c/Users/10469/Workspace/starryos_t/tgoskits-rt-ivc/target/aarch64-unknown-none-softfloat/release/starryos
  bin: /mnt/c/Users/10469/Workspace/starryos_t/tgoskits-rt-ivc/target/aarch64-unknown-none-softfloat/release/starryos.bin
/home/seven_wsl/.rustup/toolchains/nightly-2026-07-15-x86_64-unknown-linux-gnu/lib/rustlib/x86_64-unknown-linux-gnu/bin/llvm-objcopy --strip-all -O binary /mnt/c/Users/10469/Workspace/starryos_t/tgoskits-rt-ivc/target/aarch64-unknown-none-softfloat/release/starryos /mnt/c/Users/10469/Workspace/starryos_t/tgoskits-rt-ivc/target/aarch64-unknown-none-softfloat/release/starryos.bin
[axbuild] cargo build package=starryos target=aarch64-unknown-none-softfloat config=/mnt/c/Users/10469/Workspace/starryos_t/tgoskits-rt-ivc/scripts/benchmark/axvisor-rt/config/starry-aarch64-rt.toml ... done (53.97s)
[axbuild] cargo build elf=/mnt/c/Users/10469/Workspace/starryos_t/tgoskits-rt-ivc/target/aarch64-unknown-none-softfloat/release/starryos
[axbuild] cargo build artifact_dir=/mnt/c/Users/10469/Workspace/starryos_t/tgoskits-rt-ivc/target/aarch64-unknown-none-softfloat/release
[axbuild] starry build package=starryos target=aarch64-unknown-none-softfloat arch=aarch64 ... done (53.98s)
[axbuild] starry artifact elf=/mnt/c/Users/10469/Workspace/starryos_t/tgoskits-rt-ivc/target/aarch64-unknown-none-softfloat/release/starryos
[axbuild] starry kallsyms elf=/mnt/c/Users/10469/Workspace/starryos_t/tgoskits-rt-ivc/target/aarch64-unknown-none-softfloat/release/starryos ...
[axbuild] starry kallsyms symbols=12310
rust-objcopy --update-section .kallsyms=/mnt/c/Users/10469/Workspace/starryos_t/tgoskits-rt-ivc/target/aarch64-unknown-none-softfloat/release/.starryos.kallsyms.1867951.tmp /mnt/c/Users/10469/Workspace/starryos_t/tgoskits-rt-ivc/target/aarch64-unknown-none-softfloat/release/starryos
[axbuild] starry kallsyms elf=/mnt/c/Users/10469/Workspace/starryos_t/tgoskits-rt-ivc/target/aarch64-unknown-none-softfloat/release/starryos ... done (1.23s)
[axbuild] starry bin refresh /mnt/c/Users/10469/Workspace/starryos_t/tgoskits-rt-ivc/target/aarch64-unknown-none-softfloat/release/starryos.bin ...
rust-objcopy --strip-all -O binary /mnt/c/Users/10469/Workspace/starryos_t/tgoskits-rt-ivc/target/aarch64-unknown-none-softfloat/release/starryos /mnt/c/Users/10469/Workspace/starryos_t/tgoskits-rt-ivc/target/aarch64-unknown-none-softfloat/release/starryos.bin
[axbuild] starry bin refresh /mnt/c/Users/10469/Workspace/starryos_t/tgoskits-rt-ivc/target/aarch64-unknown-none-softfloat/release/starryos.bin ... done (281.58ms)
9ae557a0e1f2d30c57189bc5aecbd38c3908ec676ccf06d202af5148c281b7af  /mnt/c/Users/10469/Workspace/starryos_t/tgoskits-rt-ivc/scripts/benchmark/axvisor-rt/config/starry-aarch64-rt.toml
46badacbfbaeda4c396c16925f6cf8d0193cac2bf638534c101369f8d4b21b56  /mnt/c/Users/10469/Workspace/starryos_t/tgoskits-rt-ivc/tmp/axvisor-rt/starryos-rt.bin
AXVISOR_RT_STARRY_KERNEL_READY path=/mnt/c/Users/10469/Workspace/starryos_t/tgoskits-rt-ivc/tmp/axvisor-rt/starryos-rt.bin config=starry-aarch64-rt.toml smp=2
