AXVISOR_RT_RUN_START
AXVISOR_RT_GUEST_CPUS schema=1 os=starryos online=2
AXVISOR_RT_STARRY_CAPTURE schema=1 iterations=100 warmup=10 period_us=1000 measurement_cpu=0 stress_cpu=1 fifo_priority=80 workload=cpu-stress
AXVISOR_RT_WORKLOAD_READY schema=1 kind=cpu-stress pid=19 cpu=1
AXVISOR_RT_WORKLOAD_ACTIVE schema=1 kind=cpu-stress pid=19 cpu=1 affinity=1
AXVISOR_RT_PROBE schema=1 metric=periodic_jitter iterations=100 warmup=10 cpu=0
AXVISOR_RT_SAMPLE schema=1 metric=periodic_jitter iteration=0 cpu=0 target_ns=2509130541 observed_ns=2509331416 latency_ns=200875
AXVISOR_RT_SAMPLE schema=1 metric=periodic_jitter iteration=1 cpu=0 target_ns=2510130541 observed_ns=2510333291 latency_ns=202750
AXVISOR_RT_SAMPLE schema=1 metric=periodic_jitter iteration=2 cpu=0 target_ns=2511130541 observed_ns=2511331375 latency_ns=200834
AXVISOR_RT_SAMPLE schema=1 metric=periodic_jitter iteration=3 cpu=0 target_ns=2512130541 observed_ns=2512330333 latency_ns=199792
AXVISOR_RT_SAMPLE schema=1 metric=periodic_jitter iteration=4 cpu=0 target_ns=2513130541 observed_ns=2513329583 latency_ns=199042
AXVISOR_RT_SAMPLE schema=1 metric=periodic_jitter iteration=5 cpu=0 target_ns=2514130541 observed_ns=2514328250 latency_ns=197709
AXVISOR_RT_SAMPLE schema=1 metric=periodic_jitter iteration=6 cpu=0 target_ns=2515130541 observed_ns=2515332166 latency_ns=201625
AXVISOR_RT_SAMPLE schema=1 metric=periodic_jitter iteration=7 cpu=0 target_ns=2516130541 observed_ns=2516327041 latency_ns=196500
AXVISOR_RT_SAMPLE schema=1 metric=periodic_jitter iteration=8 cpu=0 target_ns=2517130541 observed_ns=2517329500 latency_ns=198959
AXVISOR_RT_SAMPLE schema=1 metric=periodic_jitter iteration=9 cpu=0 target_ns=2518130541 observed_ns=2518329625 latency_ns=199084
AXVISOR_RT_SAMPLE schema=1 metric=periodic_jitter iteration=10 cpu=0 target_ns=2519130541 observed_ns=2519333541 latency_ns=203000
AXVISOR_RT_SAMPLE schema=1 metric=periodic_jitter iteration=11 cpu=0 target_ns=2520130541 observed_ns=2520331041 latency_ns=200500
AXVISOR_RT_SAMPLE schema=1 metric=periodic_jitter iteration=12 cpu=0 target_ns=2521130541 observed_ns=2521330291 latency_ns=199750
AXVISOR_RT_SAMPLE schema=1 metric=periodic_jitter iteration=13 cpu=0 target_ns=2522130541 observed_ns=2522328958 latency_ns=198417
AXVISOR_RT_SAMPLE schema=1 metric=periodic_jitter iteration=14 cpu=0 target_ns=2523130541 observed_ns=2523328500 latency_ns=197959
AXVISOR_RT_SAMPLE schema=1 metric=periodic_jitter iteration=15 cpu=0 target_ns=2524130541 observed_ns=2524332708 latency_ns=202167
AXVISOR_RT_SAMPLE schema=1 metric=periodic_jitter iteration=16 cpu=0 target_ns=2525130541 observed_ns=2525331375 latency_ns=200834
AXVISOR_RT_SAMPLE schema=1 metric=periodic_jitter iteration=17 cpu=0 target_ns=2526130541 observed_ns=2526324500 latency_ns=193959
AXVISOR_RT_SAMPLE schema=1 metric=periodic_jitter iteration=18 cpu=0 target_ns=2527130541 observed_ns=2527331333 latency_ns=200792
AXVISOR_RT_SAMPLE schema=1 metric=periodic_jitter iteration=19 cpu=0 target_ns=2528130541 observed_ns=2528330000 latency_ns=199459
AXVISOR_RT_SAMPLE schema=1 metric=periodic_jitter iteration=20 cpu=0 target_ns=2529130541 observed_ns=2529332750 latency_ns=202209
AXVISOR_RT_SAMPLE schema=1 metric=periodic_jitter iteration=21 cpu=0 target_ns=2530130541 observed_ns=2530332000 latency_ns=201459
AXVISOR_RT_SAMPLE schema=1 metric=periodic_jitter iteration=22 cpu=0 target_ns=2531130541 observed_ns=2531345250 latency_ns=214709
AXVISOR_RT_SAMPLE schema=1 metric=periodic_jitter iteration=23 cpu=0 target_ns=2532130541 observed_ns=2532333416 latency_ns=202875
AXVISOR_RT_SAMPLE schema=1 metric=periodic_jitter iteration=24 cpu=0 target_ns=2533130541 observed_ns=2533328291 latency_ns=197750
AXVISOR_RT_SAMPLE schema=1 metric=periodic_jitter iteration=25 cpu=0 target_ns=2534130541 observed_ns=2534332208 latency_ns=201667
AXVISOR_RT_SAMPLE schema=1 metric=periodic_jitter iteration=26 cpu=0 target_ns=2535130541 observed_ns=2535330583 latency_ns=200042
AXVISOR_RT_SAMPLE schema=1 metric=periodic_jitter iteration=27 cpu=0 target_ns=2536130541 observed_ns=2536326041 latency_ns=195500
AXVISOR_RT_SAMPLE schema=1 metric=periodic_jitter iteration=28 cpu=0 target_ns=2537130541 observed_ns=2537331708 latency_ns=201167
AXVISOR_RT_SAMPLE schema=1 metric=periodic_jitter iteration=29 cpu=0 target_ns=2538130541 observed_ns=2538326583 latency_ns=196042
AXVISOR_RT_SAMPLE schema=1 metric=periodic_jitter iteration=30 cpu=0 target_ns=2539130541 observed_ns=2539329333 latency_ns=198792
AXVISOR_RT_SAMPLE schema=1 metric=periodic_jitter iteration=31 cpu=0 target_ns=2540130541 observed_ns=2540332375 latency_ns=201834
AXVISOR_RT_SAMPLE schema=1 metric=periodic_jitter iteration=32 cpu=0 target_ns=2541130541 observed_ns=2541332791 latency_ns=202250
AXVISOR_RT_SAMPLE schema=1 metric=periodic_jitter iteration=33 cpu=0 target_ns=2542130541 observed_ns=2542330875 latency_ns=200334
AXVISOR_RT_SAMPLE schema=1 metric=periodic_jitter iteration=34 cpu=0 target_ns=2543130541 observed_ns=2543327208 latency_ns=196667
AXVISOR_RT_SAMPLE schema=1 metric=periodic_jitter iteration=35 cpu=0 target_ns=2544130541 observed_ns=2544327916 latency_ns=197375
AXVISOR_RT_SAMPLE schema=1 metric=periodic_jitter iteration=36 cpu=0 target_ns=2545130541 observed_ns=2545328916 latency_ns=198375
AXVISOR_RT_SAMPLE schema=1 metric=periodic_jitter iteration=37 cpu=0 target_ns=2546130541 observed_ns=2546329625 latency_ns=199084
AXVISOR_RT_SAMPLE schema=1 metric=periodic_jitter iteration=38 cpu=0 target_ns=2547130541 observed_ns=2547329750 latency_ns=199209
AXVISOR_RT_SAMPLE schema=1 metric=periodic_jitter iteration=39 cpu=0 target_ns=2548130541 observed_ns=2548328125 latency_ns=197584
AXVISOR_RT_SAMPLE schema=1 metric=periodic_jitter iteration=40 cpu=0 target_ns=2549130541 observed_ns=2549332333 latency_ns=201792
AXVISOR_RT_SAMPLE schema=1 metric=periodic_jitter iteration=41 cpu=0 target_ns=2550130541 observed_ns=2550330708 latency_ns=200167
AXVISOR_RT_SAMPLE schema=1 metric=periodic_jitter iteration=42 cpu=0 target_ns=2551130541 observed_ns=2551331416 latency_ns=200875
AXVISOR_RT_SAMPLE schema=1 metric=periodic_jitter iteration=43 cpu=0 target_ns=2552130541 observed_ns=2552329791 latency_ns=199250
AXVISOR_RT_SAMPLE schema=1 metric=periodic_jitter iteration=44 cpu=0 target_ns=2553130541 observed_ns=2553336333 latency_ns=205792
AXVISOR_RT_SAMPLE schema=1 metric=periodic_jitter iteration=45 cpu=0 target_ns=2554130541 observed_ns=2554332666 latency_ns=202125
AXVISOR_RT_SAMPLE schema=1 metric=periodic_jitter iteration=46 cpu=0 target_ns=2555130541 observed_ns=2555332500 latency_ns=201959
AXVISOR_RT_SAMPLE schema=1 metric=periodic_jitter iteration=47 cpu=0 target_ns=2556130541 observed_ns=2556324750 latency_ns=194209
AXVISOR_RT_SAMPLE schema=1 metric=periodic_jitter iteration=48 cpu=0 target_ns=2557130541 observed_ns=2557333916 latency_ns=203375
AXVISOR_RT_SAMPLE schema=1 metric=periodic_jitter iteration=49 cpu=0 target_ns=2558130541 observed_ns=2558331416 latency_ns=200875
AXVISOR_RT_SAMPLE schema=1 metric=periodic_jitter iteration=50 cpu=0 target_ns=2559130541 observed_ns=2559332125 latency_ns=201584
AXVISOR_RT_SAMPLE schema=1 metric=periodic_jitter iteration=51 cpu=0 target_ns=2560130541 observed_ns=2560327583 latency_ns=197042
AXVISOR_RT_SAMPLE schema=1 metric=periodic_jitter iteration=52 cpu=0 target_ns=2561130541 observed_ns=2561328291 latency_ns=197750
AXVISOR_RT_SAMPLE schema=1 metric=periodic_jitter iteration=53 cpu=0 target_ns=2562130541 observed_ns=2562332208 latency_ns=201667
AXVISOR_RT_SAMPLE schema=1 metric=periodic_jitter iteration=54 cpu=0 target_ns=2563130541 observed_ns=2563329708 latency_ns=199167
AXVISOR_RT_SAMPLE schema=1 metric=periodic_jitter iteration=55 cpu=0 target_ns=2564130541 observed_ns=2564331291 latency_ns=200750
AXVISOR_RT_SAMPLE schema=1 metric=periodic_jitter iteration=56 cpu=0 target_ns=2565130541 observed_ns=2565327041 latency_ns=196500
AXVISOR_RT_SAMPLE schema=1 metric=periodic_jitter iteration=57 cpu=0 target_ns=2566130541 observed_ns=2566323666 latency_ns=193125
AXVISOR_RT_SAMPLE schema=1 metric=periodic_jitter iteration=58 cpu=0 target_ns=2567130541 observed_ns=2567332833 latency_ns=202292
AXVISOR_RT_SAMPLE schema=1 metric=periodic_jitter iteration=59 cpu=0 target_ns=2568130541 observed_ns=2568329458 latency_ns=198917
AXVISOR_RT_SAMPLE schema=1 metric=periodic_jitter iteration=60 cpu=0 target_ns=2569130541 observed_ns=2569333666 latency_ns=203125
AXVISOR_RT_SAMPLE schema=1 metric=periodic_jitter iteration=61 cpu=0 target_ns=2570130541 observed_ns=2570332625 latency_ns=202084
AXVISOR_RT_SAMPLE schema=1 metric=periodic_jitter iteration=62 cpu=0 target_ns=2571130541 observed_ns=2571331875 latency_ns=201334
AXVISOR_RT_SAMPLE schema=1 metric=periodic_jitter iteration=63 cpu=0 target_ns=2572130541 observed_ns=2572332000 latency_ns=201459
AXVISOR_RT_SAMPLE schema=1 metric=periodic_jitter iteration=64 cpu=0 target_ns=2573130541 observed_ns=2573329500 latency_ns=198959
AXVISOR_RT_SAMPLE schema=1 metric=periodic_jitter iteration=65 cpu=0 target_ns=2574130541 observed_ns=2574332250 latency_ns=201709
AXVISOR_RT_SAMPLE schema=1 metric=periodic_jitter iteration=66 cpu=0 target_ns=2575130541 observed_ns=2575329166 latency_ns=198625
AXVISOR_RT_SAMPLE schema=1 metric=periodic_jitter iteration=67 cpu=0 target_ns=2576130541 observed_ns=2576324333 latency_ns=193792
AXVISOR_RT_SAMPLE schema=1 metric=periodic_jitter iteration=68 cpu=0 target_ns=2577130541 observed_ns=2577329708 latency_ns=199167
AXVISOR_RT_SAMPLE schema=1 metric=periodic_jitter iteration=69 cpu=0 target_ns=2578130541 observed_ns=2578328375 latency_ns=197834
AXVISOR_RT_SAMPLE schema=1 metric=periodic_jitter iteration=70 cpu=0 target_ns=2579130541 observed_ns=2579329375 latency_ns=198834
AXVISOR_RT_SAMPLE schema=1 metric=periodic_jitter iteration=71 cpu=0 target_ns=2580130541 observed_ns=2580333000 latency_ns=202459
AXVISOR_RT_SAMPLE schema=1 metric=periodic_jitter iteration=72 cpu=0 target_ns=2581130541 observed_ns=2581328750 latency_ns=198209
AXVISOR_RT_SAMPLE schema=1 metric=periodic_jitter iteration=73 cpu=0 target_ns=2582130541 observed_ns=2582330041 latency_ns=199500
AXVISOR_RT_SAMPLE schema=1 metric=periodic_jitter iteration=74 cpu=0 target_ns=2583130541 observed_ns=2583337458 latency_ns=206917
AXVISOR_RT_SAMPLE schema=1 metric=periodic_jitter iteration=75 cpu=0 target_ns=2584130541 observed_ns=2584330000 latency_ns=199459
AXVISOR_RT_SAMPLE schema=1 metric=periodic_jitter iteration=76 cpu=0 target_ns=2585130541 observed_ns=2585331583 latency_ns=201042
AXVISOR_RT_SAMPLE schema=1 metric=periodic_jitter iteration=77 cpu=0 target_ns=2586130541 observed_ns=2586323833 latency_ns=193292
AXVISOR_RT_SAMPLE schema=1 metric=periodic_jitter iteration=78 cpu=0 target_ns=2587130541 observed_ns=2587328333 latency_ns=197792
AXVISOR_RT_SAMPLE schema=1 metric=periodic_jitter iteration=79 cpu=0 target_ns=2588130541 observed_ns=2588326708 latency_ns=196167
AXVISOR_RT_SAMPLE schema=1 metric=periodic_jitter iteration=80 cpu=0 target_ns=2589130541 observed_ns=2589332958 latency_ns=202417
AXVISOR_RT_SAMPLE schema=1 metric=periodic_jitter iteration=81 cpu=0 target_ns=2590130541 observed_ns=2590330458 latency_ns=199917
AXVISOR_RT_SAMPLE schema=1 metric=periodic_jitter iteration=82 cpu=0 target_ns=2591130541 observed_ns=2591331458 latency_ns=200917
AXVISOR_RT_SAMPLE schema=1 metric=periodic_jitter iteration=83 cpu=0 target_ns=2592130541 observed_ns=2592332750 latency_ns=202209
AXVISOR_RT_SAMPLE schema=1 metric=periodic_jitter iteration=84 cpu=0 target_ns=2593130541 observed_ns=2593328208 latency_ns=197667
AXVISOR_RT_SAMPLE schema=1 metric=periodic_jitter iteration=85 cpu=0 target_ns=2594130541 observed_ns=2594332125 latency_ns=201584
AXVISOR_RT_SAMPLE schema=1 metric=periodic_jitter iteration=86 cpu=0 target_ns=2595130541 observed_ns=2595328166 latency_ns=197625
AXVISOR_RT_SAMPLE schema=1 metric=periodic_jitter iteration=87 cpu=0 target_ns=2596130541 observed_ns=2596323625 latency_ns=193084
AXVISOR_RT_SAMPLE schema=1 metric=periodic_jitter iteration=88 cpu=0 target_ns=2597130541 observed_ns=2597329583 latency_ns=199042
AXVISOR_RT_SAMPLE schema=1 metric=periodic_jitter iteration=89 cpu=0 target_ns=2598130541 observed_ns=2598326500 latency_ns=195959
AXVISOR_RT_SAMPLE schema=1 metric=periodic_jitter iteration=90 cpu=0 target_ns=2599130541 observed_ns=2599331583 latency_ns=201042
AXVISOR_RT_SAMPLE schema=1 metric=periodic_jitter iteration=91 cpu=0 target_ns=2600130541 observed_ns=2600332583 latency_ns=202042
AXVISOR_RT_SAMPLE schema=1 metric=periodic_jitter iteration=92 cpu=0 target_ns=2601130541 observed_ns=2601333000 latency_ns=202459
AXVISOR_RT_SAMPLE schema=1 metric=periodic_jitter iteration=93 cpu=0 target_ns=2602130541 observed_ns=2602332833 latency_ns=202292
AXVISOR_RT_SAMPLE schema=1 metric=periodic_jitter iteration=94 cpu=0 target_ns=2603130541 observed_ns=2603329166 latency_ns=198625
AXVISOR_RT_SAMPLE schema=1 metric=periodic_jitter iteration=95 cpu=0 target_ns=2604130541 observed_ns=2604330750 latency_ns=200209
AXVISOR_RT_SAMPLE schema=1 metric=periodic_jitter iteration=96 cpu=0 target_ns=2605130541 observed_ns=2605328541 latency_ns=198000
AXVISOR_RT_SAMPLE schema=1 metric=periodic_jitter iteration=97 cpu=0 target_ns=2606130541 observed_ns=2606329541 latency_ns=199000
AXVISOR_RT_SAMPLE schema=1 metric=periodic_jitter iteration=98 cpu=0 target_ns=2607130541 observed_ns=2607330250 latency_ns=199709
AXVISOR_RT_SAMPLE schema=1 metric=periodic_jitter iteration=99 cpu=0 target_ns=2608130541 observed_ns=2608328625 latency_ns=198084
AXVISOR_RT_METRIC_COMPLETE schema=1 metric=periodic_jitter count=100
AXVISOR_RT_PROBE schema=1 metric=dispatch_latency iterations=100 warmup=10 cpu=0
AXVISOR_RT_SAMPLE schema=1 metric=dispatch_latency iteration=0 cpu=0 target_ns=3026813708 observed_ns=3026866500 latency_ns=52792
AXVISOR_RT_SAMPLE schema=1 metric=dispatch_latency iteration=1 cpu=0 target_ns=3026919000 observed_ns=3026971791 latency_ns=52791
AXVISOR_RT_SAMPLE schema=1 metric=dispatch_latency iteration=2 cpu=0 target_ns=3027024583 observed_ns=3027077083 latency_ns=52500
AXVISOR_RT_SAMPLE schema=1 metric=dispatch_latency iteration=3 cpu=0 target_ns=3027129583 observed_ns=3027182083 latency_ns=52500
AXVISOR_RT_SAMPLE schema=1 metric=dispatch_latency iteration=4 cpu=0 target_ns=3027234291 observed_ns=3027286500 latency_ns=52209
AXVISOR_RT_SAMPLE schema=1 metric=dispatch_latency iteration=5 cpu=0 target_ns=3027338416 observed_ns=3027390916 latency_ns=52500
AXVISOR_RT_SAMPLE schema=1 metric=dispatch_latency iteration=6 cpu=0 target_ns=3027443416 observed_ns=3027495916 latency_ns=52500
AXVISOR_RT_SAMPLE schema=1 metric=dispatch_latency iteration=7 cpu=0 target_ns=3027548125 observed_ns=3027600625 latency_ns=52500
AXVISOR_RT_SAMPLE schema=1 metric=dispatch_latency iteration=8 cpu=0 target_ns=3027652833 observed_ns=3027705333 latency_ns=52500
AXVISOR_RT_SAMPLE schema=1 metric=dispatch_latency iteration=9 cpu=0 target_ns=3027757541 observed_ns=3027810333 latency_ns=52792
AXVISOR_RT_SAMPLE schema=1 metric=dispatch_latency iteration=10 cpu=0 target_ns=3027862833 observed_ns=3027915041 latency_ns=52208
AXVISOR_RT_SAMPLE schema=1 metric=dispatch_latency iteration=11 cpu=0 target_ns=3027967250 observed_ns=3028019458 latency_ns=52208
AXVISOR_RT_SAMPLE schema=1 metric=dispatch_latency iteration=12 cpu=0 target_ns=3028071375 observed_ns=3028123583 latency_ns=52208
AXVISOR_RT_SAMPLE schema=1 metric=dispatch_latency iteration=13 cpu=0 target_ns=3028175791 observed_ns=3028227708 latency_ns=51917
AXVISOR_RT_SAMPLE schema=1 metric=dispatch_latency iteration=14 cpu=0 target_ns=3028280208 observed_ns=3028332708 latency_ns=52500
AXVISOR_RT_SAMPLE schema=1 metric=dispatch_latency iteration=15 cpu=0 target_ns=3028384625 observed_ns=3028437416 latency_ns=52791
AXVISOR_RT_SAMPLE schema=1 metric=dispatch_latency iteration=16 cpu=0 target_ns=3028489333 observed_ns=3028541541 latency_ns=52208
AXVISOR_RT_SAMPLE schema=1 metric=dispatch_latency iteration=17 cpu=0 target_ns=3028594041 observed_ns=3028646541 latency_ns=52500
AXVISOR_RT_SAMPLE schema=1 metric=dispatch_latency iteration=18 cpu=0 target_ns=3028699041 observed_ns=3028751833 latency_ns=52792
AXVISOR_RT_SAMPLE schema=1 metric=dispatch_latency iteration=19 cpu=0 target_ns=3028804041 observed_ns=3028856541 latency_ns=52500
AXVISOR_RT_SAMPLE schema=1 metric=dispatch_latency iteration=20 cpu=0 target_ns=3028908458 observed_ns=3028960958 latency_ns=52500
AXVISOR_RT_SAMPLE schema=1 metric=dispatch_latency iteration=21 cpu=0 target_ns=3029013458 observed_ns=3029065958 latency_ns=52500
AXVISOR_RT_SAMPLE schema=1 metric=dispatch_latency iteration=22 cpu=0 target_ns=3029118458 observed_ns=3029170666 latency_ns=52208
AXVISOR_RT_SAMPLE schema=1 metric=dispatch_latency iteration=23 cpu=0 target_ns=3029222875 observed_ns=3029275083 latency_ns=52208
AXVISOR_RT_SAMPLE schema=1 metric=dispatch_latency iteration=24 cpu=0 target_ns=3029327291 observed_ns=3029379500 latency_ns=52209
AXVISOR_RT_SAMPLE schema=1 metric=dispatch_latency iteration=25 cpu=0 target_ns=3029432000 observed_ns=3029484500 latency_ns=52500
AXVISOR_RT_SAMPLE schema=1 metric=dispatch_latency iteration=26 cpu=0 target_ns=3029536416 observed_ns=3029588625 latency_ns=52209
AXVISOR_RT_SAMPLE schema=1 metric=dispatch_latency iteration=27 cpu=0 target_ns=3029640250 observed_ns=3029693041 latency_ns=52791
AXVISOR_RT_SAMPLE schema=1 metric=dispatch_latency iteration=28 cpu=0 target_ns=3029745541 observed_ns=3029797750 latency_ns=52209
AXVISOR_RT_SAMPLE schema=1 metric=dispatch_latency iteration=29 cpu=0 target_ns=3029849375 observed_ns=3029901875 latency_ns=52500
AXVISOR_RT_SAMPLE schema=1 metric=dispatch_latency iteration=30 cpu=0 target_ns=3029954083 observed_ns=3030006583 latency_ns=52500
AXVISOR_RT_SAMPLE schema=1 metric=dispatch_latency iteration=31 cpu=0 target_ns=3030059083 observed_ns=3030111583 latency_ns=52500
AXVISOR_RT_SAMPLE schema=1 metric=dispatch_latency iteration=32 cpu=0 target_ns=3030163791 observed_ns=3030216291 latency_ns=52500
AXVISOR_RT_SAMPLE schema=1 metric=dispatch_latency iteration=33 cpu=0 target_ns=3030268500 observed_ns=3030320708 latency_ns=52208
AXVISOR_RT_SAMPLE schema=1 metric=dispatch_latency iteration=34 cpu=0 target_ns=3030373208 observed_ns=3030426000 latency_ns=52792
AXVISOR_RT_SAMPLE schema=1 metric=dispatch_latency iteration=35 cpu=0 target_ns=3030478500 observed_ns=3030530708 latency_ns=52208
AXVISOR_RT_SAMPLE schema=1 metric=dispatch_latency iteration=36 cpu=0 target_ns=3030582625 observed_ns=3030635125 latency_ns=52500
AXVISOR_RT_SAMPLE schema=1 metric=dispatch_latency iteration=37 cpu=0 target_ns=3030687333 observed_ns=3030739833 latency_ns=52500
AXVISOR_RT_SAMPLE schema=1 metric=dispatch_latency iteration=38 cpu=0 target_ns=3030792625 observed_ns=3030844541 latency_ns=51916
AXVISOR_RT_SAMPLE schema=1 metric=dispatch_latency iteration=39 cpu=0 target_ns=3030896750 observed_ns=3030949250 latency_ns=52500
AXVISOR_RT_SAMPLE schema=1 metric=dispatch_latency iteration=40 cpu=0 target_ns=3031001750 observed_ns=3031054541 latency_ns=52791
AXVISOR_RT_SAMPLE schema=1 metric=dispatch_latency iteration=41 cpu=0 target_ns=3031106458 observed_ns=3031158666 latency_ns=52208
AXVISOR_RT_SAMPLE schema=1 metric=dispatch_latency iteration=42 cpu=0 target_ns=3031211166 observed_ns=3031263375 latency_ns=52209
AXVISOR_RT_SAMPLE schema=1 metric=dispatch_latency iteration=43 cpu=0 target_ns=3031315583 observed_ns=3031367791 latency_ns=52208
AXVISOR_RT_SAMPLE schema=1 metric=dispatch_latency iteration=44 cpu=0 target_ns=3031420000 observed_ns=3031472500 latency_ns=52500
AXVISOR_RT_SAMPLE schema=1 metric=dispatch_latency iteration=45 cpu=0 target_ns=3031709041 observed_ns=3031766791 latency_ns=57750
AXVISOR_RT_SAMPLE schema=1 metric=dispatch_latency iteration=46 cpu=0 target_ns=3031819875 observed_ns=3031872958 latency_ns=53083
AXVISOR_RT_SAMPLE schema=1 metric=dispatch_latency iteration=47 cpu=0 target_ns=3031925166 observed_ns=3031977666 latency_ns=52500
AXVISOR_RT_SAMPLE schema=1 metric=dispatch_latency iteration=48 cpu=0 target_ns=3032030458 observed_ns=3032082958 latency_ns=52500
AXVISOR_RT_SAMPLE schema=1 metric=dispatch_latency iteration=49 cpu=0 target_ns=3032135458 observed_ns=3032187958 latency_ns=52500
AXVISOR_RT_SAMPLE schema=1 metric=dispatch_latency iteration=50 cpu=0 target_ns=3032240458 observed_ns=3032292375 latency_ns=51917
AXVISOR_RT_SAMPLE schema=1 metric=dispatch_latency iteration=51 cpu=0 target_ns=3032344875 observed_ns=3032397375 latency_ns=52500
AXVISOR_RT_SAMPLE schema=1 metric=dispatch_latency iteration=52 cpu=0 target_ns=3032524250 observed_ns=3032577625 latency_ns=53375
AXVISOR_RT_SAMPLE schema=1 metric=dispatch_latency iteration=53 cpu=0 target_ns=3032630416 observed_ns=3032682916 latency_ns=52500
AXVISOR_RT_SAMPLE schema=1 metric=dispatch_latency iteration=54 cpu=0 target_ns=3032735416 observed_ns=3032787916 latency_ns=52500
AXVISOR_RT_SAMPLE schema=1 metric=dispatch_latency iteration=55 cpu=0 target_ns=3032840125 observed_ns=3032892333 latency_ns=52208
AXVISOR_RT_SAMPLE schema=1 metric=dispatch_latency iteration=56 cpu=0 target_ns=3032944541 observed_ns=3032996458 latency_ns=51917
AXVISOR_RT_SAMPLE schema=1 metric=dispatch_latency iteration=57 cpu=0 target_ns=3033048958 observed_ns=3033101166 latency_ns=52208
AXVISOR_RT_SAMPLE schema=1 metric=dispatch_latency iteration=58 cpu=0 target_ns=3033152791 observed_ns=3033205000 latency_ns=52209
AXVISOR_RT_SAMPLE schema=1 metric=dispatch_latency iteration=59 cpu=0 target_ns=3033257208 observed_ns=3033309125 latency_ns=51917
AXVISOR_RT_SAMPLE schema=1 metric=dispatch_latency iteration=60 cpu=0 target_ns=3033361333 observed_ns=3033413541 latency_ns=52208
AXVISOR_RT_SAMPLE schema=1 metric=dispatch_latency iteration=61 cpu=0 target_ns=3033466041 observed_ns=3033518541 latency_ns=52500
AXVISOR_RT_SAMPLE schema=1 metric=dispatch_latency iteration=62 cpu=0 target_ns=3033570750 observed_ns=3033623541 latency_ns=52791
AXVISOR_RT_SAMPLE schema=1 metric=dispatch_latency iteration=63 cpu=0 target_ns=3033675750 observed_ns=3033727958 latency_ns=52208
AXVISOR_RT_SAMPLE schema=1 metric=dispatch_latency iteration=64 cpu=0 target_ns=3033779875 observed_ns=3033832666 latency_ns=52791
AXVISOR_RT_SAMPLE schema=1 metric=dispatch_latency iteration=65 cpu=0 target_ns=3033885166 observed_ns=3033937375 latency_ns=52209
AXVISOR_RT_SAMPLE schema=1 metric=dispatch_latency iteration=66 cpu=0 target_ns=3033989291 observed_ns=3034042083 latency_ns=52792
AXVISOR_RT_SAMPLE schema=1 metric=dispatch_latency iteration=67 cpu=0 target_ns=3034094000 observed_ns=3034147083 latency_ns=53083
AXVISOR_RT_SAMPLE schema=1 metric=dispatch_latency iteration=68 cpu=0 target_ns=3034199291 observed_ns=3034251500 latency_ns=52209
AXVISOR_RT_SAMPLE schema=1 metric=dispatch_latency iteration=69 cpu=0 target_ns=3034303708 observed_ns=3034355916 latency_ns=52208
AXVISOR_RT_SAMPLE schema=1 metric=dispatch_latency iteration=70 cpu=0 target_ns=3034407833 observed_ns=3034460333 latency_ns=52500
AXVISOR_RT_SAMPLE schema=1 metric=dispatch_latency iteration=71 cpu=0 target_ns=3034512250 observed_ns=3034564750 latency_ns=52500
AXVISOR_RT_SAMPLE schema=1 metric=dispatch_latency iteration=72 cpu=0 target_ns=3034617250 observed_ns=3034669458 latency_ns=52208
AXVISOR_RT_SAMPLE schema=1 metric=dispatch_latency iteration=73 cpu=0 target_ns=3034721958 observed_ns=3034773583 latency_ns=51625
AXVISOR_RT_SAMPLE schema=1 metric=dispatch_latency iteration=74 cpu=0 target_ns=3034826083 observed_ns=3034878291 latency_ns=52208
AXVISOR_RT_SAMPLE schema=1 metric=dispatch_latency iteration=75 cpu=0 target_ns=3034930500 observed_ns=3034982708 latency_ns=52208
AXVISOR_RT_SAMPLE schema=1 metric=dispatch_latency iteration=76 cpu=0 target_ns=3035034916 observed_ns=3035087416 latency_ns=52500
AXVISOR_RT_SAMPLE schema=1 metric=dispatch_latency iteration=77 cpu=0 target_ns=3035139625 observed_ns=3035191833 latency_ns=52208
AXVISOR_RT_SAMPLE schema=1 metric=dispatch_latency iteration=78 cpu=0 target_ns=3035244333 observed_ns=3035296541 latency_ns=52208
AXVISOR_RT_SAMPLE schema=1 metric=dispatch_latency iteration=79 cpu=0 target_ns=3035348458 observed_ns=3035400666 latency_ns=52208
AXVISOR_RT_SAMPLE schema=1 metric=dispatch_latency iteration=80 cpu=0 target_ns=3035452583 observed_ns=3035504791 latency_ns=52208
AXVISOR_RT_SAMPLE schema=1 metric=dispatch_latency iteration=81 cpu=0 target_ns=3035557583 observed_ns=3035609791 latency_ns=52208
AXVISOR_RT_SAMPLE schema=1 metric=dispatch_latency iteration=82 cpu=0 target_ns=3035662000 observed_ns=3035713916 latency_ns=51916
AXVISOR_RT_SAMPLE schema=1 metric=dispatch_latency iteration=83 cpu=0 target_ns=3035766416 observed_ns=3035818333 latency_ns=51917
AXVISOR_RT_SAMPLE schema=1 metric=dispatch_latency iteration=84 cpu=0 target_ns=3035870833 observed_ns=3036070625 latency_ns=199792
AXVISOR_RT_SAMPLE schema=1 metric=dispatch_latency iteration=85 cpu=0 target_ns=3036126041 observed_ns=3036179708 latency_ns=53667
AXVISOR_RT_SAMPLE schema=1 metric=dispatch_latency iteration=86 cpu=0 target_ns=3036232500 observed_ns=3036285000 latency_ns=52500
AXVISOR_RT_SAMPLE schema=1 metric=dispatch_latency iteration=87 cpu=0 target_ns=3036337500 observed_ns=3036390000 latency_ns=52500
AXVISOR_RT_SAMPLE schema=1 metric=dispatch_latency iteration=88 cpu=0 target_ns=3036442500 observed_ns=3036495583 latency_ns=53083
AXVISOR_RT_SAMPLE schema=1 metric=dispatch_latency iteration=89 cpu=0 target_ns=3036547500 observed_ns=3036599708 latency_ns=52208
AXVISOR_RT_SAMPLE schema=1 metric=dispatch_latency iteration=90 cpu=0 target_ns=3036651916 observed_ns=3036704416 latency_ns=52500
AXVISOR_RT_SAMPLE schema=1 metric=dispatch_latency iteration=91 cpu=0 target_ns=3036756333 observed_ns=3036809125 latency_ns=52792
AXVISOR_RT_SAMPLE schema=1 metric=dispatch_latency iteration=92 cpu=0 target_ns=3036861041 observed_ns=3036913250 latency_ns=52209
AXVISOR_RT_SAMPLE schema=1 metric=dispatch_latency iteration=93 cpu=0 target_ns=3036965750 observed_ns=3037018250 latency_ns=52500
AXVISOR_RT_SAMPLE schema=1 metric=dispatch_latency iteration=94 cpu=0 target_ns=3037070166 observed_ns=3037122375 latency_ns=52209
AXVISOR_RT_SAMPLE schema=1 metric=dispatch_latency iteration=95 cpu=0 target_ns=3037174583 observed_ns=3037227375 latency_ns=52792
AXVISOR_RT_SAMPLE schema=1 metric=dispatch_latency iteration=96 cpu=0 target_ns=3037279291 observed_ns=3037331791 latency_ns=52500
AXVISOR_RT_SAMPLE schema=1 metric=dispatch_latency iteration=97 cpu=0 target_ns=3037384000 observed_ns=3037436208 latency_ns=52208
AXVISOR_RT_SAMPLE schema=1 metric=dispatch_latency iteration=98 cpu=0 target_ns=3037488416 observed_ns=3037540916 latency_ns=52500
AXVISOR_RT_SAMPLE schema=1 metric=dispatch_latency iteration=99 cpu=0 target_ns=3037593125 observed_ns=3037645916 latency_ns=52791
AXVISOR_RT_METRIC_COMPLETE schema=1 metric=dispatch_latency count=100
AXVISOR_RT_PROBE schema=1 metric=emulated_irq_response iterations=100 warmup=10 cpu=0
AXVISOR_RT_SAMPLE schema=1 metric=emulated_irq_response iteration=0 cpu=0 target_ns=3451834250 observed_ns=3460554416 latency_ns=8720166
AXVISOR_RT_SAMPLE schema=1 metric=emulated_irq_response iteration=1 cpu=0 target_ns=3452834250 observed_ns=3460614791 latency_ns=7780541
AXVISOR_RT_SAMPLE schema=1 metric=emulated_irq_response iteration=2 cpu=0 target_ns=3453834250 observed_ns=3460674875 latency_ns=6840625
AXVISOR_RT_SAMPLE schema=1 metric=emulated_irq_response iteration=3 cpu=0 target_ns=3454834250 observed_ns=3460734958 latency_ns=5900708
AXVISOR_RT_SAMPLE schema=1 metric=emulated_irq_response iteration=4 cpu=0 target_ns=3455834250 observed_ns=3460795041 latency_ns=4960791
AXVISOR_RT_SAMPLE schema=1 metric=emulated_irq_response iteration=5 cpu=0 target_ns=3456834250 observed_ns=3460855125 latency_ns=4020875
AXVISOR_RT_SAMPLE schema=1 metric=emulated_irq_response iteration=6 cpu=0 target_ns=3457834250 observed_ns=3460915500 latency_ns=3081250
AXVISOR_RT_SAMPLE schema=1 metric=emulated_irq_response iteration=7 cpu=0 target_ns=3458834250 observed_ns=3460975875 latency_ns=2141625
AXVISOR_RT_SAMPLE schema=1 metric=emulated_irq_response iteration=8 cpu=0 target_ns=3459834250 observed_ns=3461036250 latency_ns=1202000
AXVISOR_RT_SAMPLE schema=1 metric=emulated_irq_response iteration=9 cpu=0 target_ns=3460834250 observed_ns=3461096333 latency_ns=262083
AXVISOR_RT_SAMPLE schema=1 metric=emulated_irq_response iteration=10 cpu=0 target_ns=3461834250 observed_ns=3462072541 latency_ns=238291
AXVISOR_RT_SAMPLE schema=1 metric=emulated_irq_response iteration=11 cpu=0 target_ns=3462834250 observed_ns=3463058083 latency_ns=223833
AXVISOR_RT_SAMPLE schema=1 metric=emulated_irq_response iteration=12 cpu=0 target_ns=3463834250 observed_ns=3464061416 latency_ns=227166
AXVISOR_RT_SAMPLE schema=1 metric=emulated_irq_response iteration=13 cpu=0 target_ns=3464834250 observed_ns=3465058916 latency_ns=224666
AXVISOR_RT_SAMPLE schema=1 metric=emulated_irq_response iteration=14 cpu=0 target_ns=3465834250 observed_ns=3466061375 latency_ns=227125
AXVISOR_RT_SAMPLE schema=1 metric=emulated_irq_response iteration=15 cpu=0 target_ns=3466834250 observed_ns=3467059750 latency_ns=225500
AXVISOR_RT_SAMPLE schema=1 metric=emulated_irq_response iteration=16 cpu=0 target_ns=3467834250 observed_ns=3468059875 latency_ns=225625
AXVISOR_RT_SAMPLE schema=1 metric=emulated_irq_response iteration=17 cpu=0 target_ns=3468834250 observed_ns=3469058541 latency_ns=224291
AXVISOR_RT_SAMPLE schema=1 metric=emulated_irq_response iteration=18 cpu=0 target_ns=3469834250 observed_ns=3470059541 latency_ns=225291
AXVISOR_RT_SAMPLE schema=1 metric=emulated_irq_response iteration=19 cpu=0 target_ns=3470834250 observed_ns=3471059375 latency_ns=225125
AXVISOR_RT_SAMPLE schema=1 metric=emulated_irq_response iteration=20 cpu=0 target_ns=3471834250 observed_ns=3472061833 latency_ns=227583
AXVISOR_RT_SAMPLE schema=1 metric=emulated_irq_response iteration=21 cpu=0 target_ns=3472834250 observed_ns=3473057875 latency_ns=223625
AXVISOR_RT_SAMPLE schema=1 metric=emulated_irq_response iteration=22 cpu=0 target_ns=3473834250 observed_ns=3474062083 latency_ns=227833
AXVISOR_RT_SAMPLE schema=1 metric=emulated_irq_response iteration=23 cpu=0 target_ns=3474834250 observed_ns=3475060458 latency_ns=226208
AXVISOR_RT_SAMPLE schema=1 metric=emulated_irq_response iteration=24 cpu=0 target_ns=3475834250 observed_ns=3476060875 latency_ns=226625
AXVISOR_RT_SAMPLE schema=1 metric=emulated_irq_response iteration=25 cpu=0 target_ns=3476834250 observed_ns=3477061000 latency_ns=226750
AXVISOR_RT_SAMPLE schema=1 metric=emulated_irq_response iteration=26 cpu=0 target_ns=3477834250 observed_ns=3478057333 latency_ns=223083
AXVISOR_RT_SAMPLE schema=1 metric=emulated_irq_response iteration=27 cpu=0 target_ns=3478834250 observed_ns=3479084583 latency_ns=250333
AXVISOR_RT_SAMPLE schema=1 metric=emulated_irq_response iteration=28 cpu=0 target_ns=3479834250 observed_ns=3480060500 latency_ns=226250
AXVISOR_RT_SAMPLE schema=1 metric=emulated_irq_response iteration=29 cpu=0 target_ns=3480834250 observed_ns=3481060041 latency_ns=225791
AXVISOR_RT_SAMPLE schema=1 metric=emulated_irq_response iteration=30 cpu=0 target_ns=3481834250 observed_ns=3482060750 latency_ns=226500
AXVISOR_RT_SAMPLE schema=1 metric=emulated_irq_response iteration=31 cpu=0 target_ns=3482834250 observed_ns=3483055916 latency_ns=221666
AXVISOR_RT_SAMPLE schema=1 metric=emulated_irq_response iteration=32 cpu=0 target_ns=3483834250 observed_ns=3484061000 latency_ns=226750
AXVISOR_RT_SAMPLE schema=1 metric=emulated_irq_response iteration=33 cpu=0 target_ns=3484834250 observed_ns=3485060833 latency_ns=226583
AXVISOR_RT_SAMPLE schema=1 metric=emulated_irq_response iteration=34 cpu=0 target_ns=3485834250 observed_ns=3486060666 latency_ns=226416
AXVISOR_RT_SAMPLE schema=1 metric=emulated_irq_response iteration=35 cpu=0 target_ns=3486834250 observed_ns=3487058458 latency_ns=224208
AXVISOR_RT_SAMPLE schema=1 metric=emulated_irq_response iteration=36 cpu=0 target_ns=3487834250 observed_ns=3488058000 latency_ns=223750
AXVISOR_RT_SAMPLE schema=1 metric=emulated_irq_response iteration=37 cpu=0 target_ns=3488834250 observed_ns=3489056958 latency_ns=222708
AXVISOR_RT_SAMPLE schema=1 metric=emulated_irq_response iteration=38 cpu=0 target_ns=3489834250 observed_ns=3490058541 latency_ns=224291
AXVISOR_RT_SAMPLE schema=1 metric=emulated_irq_response iteration=39 cpu=0 target_ns=3490834250 observed_ns=3491061291 latency_ns=227041
AXVISOR_RT_SAMPLE schema=1 metric=emulated_irq_response iteration=40 cpu=0 target_ns=3491834250 observed_ns=3492058500 latency_ns=224250
AXVISOR_RT_SAMPLE schema=1 metric=emulated_irq_response iteration=41 cpu=0 target_ns=3492834250 observed_ns=3493059500 latency_ns=225250
AXVISOR_RT_SAMPLE schema=1 metric=emulated_irq_response iteration=42 cpu=0 target_ns=3493834250 observed_ns=3494060500 latency_ns=226250
AXVISOR_RT_SAMPLE schema=1 metric=emulated_irq_response iteration=43 cpu=0 target_ns=3494834250 observed_ns=3495058291 latency_ns=224041
AXVISOR_RT_SAMPLE schema=1 metric=emulated_irq_response iteration=44 cpu=0 target_ns=3495834250 observed_ns=3496063666 latency_ns=229416
AXVISOR_RT_SAMPLE schema=1 metric=emulated_irq_response iteration=45 cpu=0 target_ns=3496834250 observed_ns=3497062625 latency_ns=228375
AXVISOR_RT_SAMPLE schema=1 metric=emulated_irq_response iteration=46 cpu=0 target_ns=3497834250 observed_ns=3498061583 latency_ns=227333
AXVISOR_RT_SAMPLE schema=1 metric=emulated_irq_response iteration=47 cpu=0 target_ns=3498834250 observed_ns=3499060541 latency_ns=226291
AXVISOR_RT_SAMPLE schema=1 metric=emulated_irq_response iteration=48 cpu=0 target_ns=3499834250 observed_ns=3500060958 latency_ns=226708
AXVISOR_RT_SAMPLE schema=1 metric=emulated_irq_response iteration=49 cpu=0 target_ns=3500834250 observed_ns=3501062250 latency_ns=228000
AXVISOR_RT_SAMPLE schema=1 metric=emulated_irq_response iteration=50 cpu=0 target_ns=3501834250 observed_ns=3502060333 latency_ns=226083
AXVISOR_RT_SAMPLE schema=1 metric=emulated_irq_response iteration=51 cpu=0 target_ns=3502834250 observed_ns=3503052000 latency_ns=217750
AXVISOR_RT_SAMPLE schema=1 metric=emulated_irq_response iteration=52 cpu=0 target_ns=3503834250 observed_ns=3504059416 latency_ns=225166
AXVISOR_RT_SAMPLE schema=1 metric=emulated_irq_response iteration=53 cpu=0 target_ns=3504834250 observed_ns=3505064208 latency_ns=229958
AXVISOR_RT_SAMPLE schema=1 metric=emulated_irq_response iteration=54 cpu=0 target_ns=3505834250 observed_ns=3506064916 latency_ns=230666
AXVISOR_RT_SAMPLE schema=1 metric=emulated_irq_response iteration=55 cpu=0 target_ns=3506834250 observed_ns=3507055708 latency_ns=221458
AXVISOR_RT_SAMPLE schema=1 metric=emulated_irq_response iteration=56 cpu=0 target_ns=3507834250 observed_ns=3508057875 latency_ns=223625
AXVISOR_RT_SAMPLE schema=1 metric=emulated_irq_response iteration=57 cpu=0 target_ns=3508834250 observed_ns=3509060333 latency_ns=226083
AXVISOR_RT_SAMPLE schema=1 metric=emulated_irq_response iteration=58 cpu=0 target_ns=3509834250 observed_ns=3510061333 latency_ns=227083
AXVISOR_RT_SAMPLE schema=1 metric=emulated_irq_response iteration=59 cpu=0 target_ns=3510834250 observed_ns=3511060875 latency_ns=226625
AXVISOR_RT_SAMPLE schema=1 metric=emulated_irq_response iteration=60 cpu=0 target_ns=3511834250 observed_ns=3512062750 latency_ns=228500
AXVISOR_RT_SAMPLE schema=1 metric=emulated_irq_response iteration=61 cpu=0 target_ns=3512834250 observed_ns=3513056166 latency_ns=221916
AXVISOR_RT_SAMPLE schema=1 metric=emulated_irq_response iteration=62 cpu=0 target_ns=3513834250 observed_ns=3514060083 latency_ns=225833
AXVISOR_RT_SAMPLE schema=1 metric=emulated_irq_response iteration=63 cpu=0 target_ns=3514834250 observed_ns=3515061958 latency_ns=227708
AXVISOR_RT_SAMPLE schema=1 metric=emulated_irq_response iteration=64 cpu=0 target_ns=3515834250 observed_ns=3516065875 latency_ns=231625
AXVISOR_RT_SAMPLE schema=1 metric=emulated_irq_response iteration=65 cpu=0 target_ns=3516834250 observed_ns=3517059583 latency_ns=225333
AXVISOR_RT_SAMPLE schema=1 metric=emulated_irq_response iteration=66 cpu=0 target_ns=3517834250 observed_ns=3518059125 latency_ns=224875
AXVISOR_RT_SAMPLE schema=1 metric=emulated_irq_response iteration=67 cpu=0 target_ns=3518834250 observed_ns=3519061583 latency_ns=227333
AXVISOR_RT_SAMPLE schema=1 metric=emulated_irq_response iteration=68 cpu=0 target_ns=3519834250 observed_ns=3520057333 latency_ns=223083
AXVISOR_RT_SAMPLE schema=1 metric=emulated_irq_response iteration=69 cpu=0 target_ns=3520834250 observed_ns=3521061250 latency_ns=227000
AXVISOR_RT_SAMPLE schema=1 metric=emulated_irq_response iteration=70 cpu=0 target_ns=3521834250 observed_ns=3522054666 latency_ns=220416
AXVISOR_RT_SAMPLE schema=1 metric=emulated_irq_response iteration=71 cpu=0 target_ns=3522834250 observed_ns=3523057125 latency_ns=222875
AXVISOR_RT_SAMPLE schema=1 metric=emulated_irq_response iteration=72 cpu=0 target_ns=3523834250 observed_ns=3524060750 latency_ns=226500
AXVISOR_RT_SAMPLE schema=1 metric=emulated_irq_response iteration=73 cpu=0 target_ns=3524834250 observed_ns=3525062916 latency_ns=228666
AXVISOR_RT_SAMPLE schema=1 metric=emulated_irq_response iteration=74 cpu=0 target_ns=3525834250 observed_ns=3526060125 latency_ns=225875
AXVISOR_RT_SAMPLE schema=1 metric=emulated_irq_response iteration=75 cpu=0 target_ns=3526834250 observed_ns=3527060541 latency_ns=226291
AXVISOR_RT_SAMPLE schema=1 metric=emulated_irq_response iteration=76 cpu=0 target_ns=3527834250 observed_ns=3528061250 latency_ns=227000
AXVISOR_RT_SAMPLE schema=1 metric=emulated_irq_response iteration=77 cpu=0 target_ns=3528834250 observed_ns=3529060791 latency_ns=226541
AXVISOR_RT_SAMPLE schema=1 metric=emulated_irq_response iteration=78 cpu=0 target_ns=3529834250 observed_ns=3530062083 latency_ns=227833
AXVISOR_RT_SAMPLE schema=1 metric=emulated_irq_response iteration=79 cpu=0 target_ns=3530834250 observed_ns=3531061916 latency_ns=227666
AXVISOR_RT_SAMPLE schema=1 metric=emulated_irq_response iteration=80 cpu=0 target_ns=3531834250 observed_ns=3532059416 latency_ns=225166
AXVISOR_RT_SAMPLE schema=1 metric=emulated_irq_response iteration=81 cpu=0 target_ns=3532834250 observed_ns=3533055166 latency_ns=220916
AXVISOR_RT_SAMPLE schema=1 metric=emulated_irq_response iteration=82 cpu=0 target_ns=3533834250 observed_ns=3534061416 latency_ns=227166
AXVISOR_RT_SAMPLE schema=1 metric=emulated_irq_response iteration=83 cpu=0 target_ns=3534834250 observed_ns=3535058041 latency_ns=223791
AXVISOR_RT_SAMPLE schema=1 metric=emulated_irq_response iteration=84 cpu=0 target_ns=3535834250 observed_ns=3536065166 latency_ns=230916
AXVISOR_RT_SAMPLE schema=1 metric=emulated_irq_response iteration=85 cpu=0 target_ns=3536834250 observed_ns=3537062666 latency_ns=228416
AXVISOR_RT_SAMPLE schema=1 metric=emulated_irq_response iteration=86 cpu=0 target_ns=3537834250 observed_ns=3538059291 latency_ns=225041
AXVISOR_RT_SAMPLE schema=1 metric=emulated_irq_response iteration=87 cpu=0 target_ns=3538834250 observed_ns=3539059708 latency_ns=225458
AXVISOR_RT_SAMPLE schema=1 metric=emulated_irq_response iteration=88 cpu=0 target_ns=3539834250 observed_ns=3540059250 latency_ns=225000
AXVISOR_RT_SAMPLE schema=1 metric=emulated_irq_response iteration=89 cpu=0 target_ns=3540834250 observed_ns=3541059958 latency_ns=225708
AXVISOR_RT_SAMPLE schema=1 metric=emulated_irq_response iteration=90 cpu=0 target_ns=3541834250 observed_ns=3542062416 latency_ns=228166
AXVISOR_RT_SAMPLE schema=1 metric=emulated_irq_response iteration=91 cpu=0 target_ns=3542834250 observed_ns=3543055250 latency_ns=221000
AXVISOR_RT_SAMPLE schema=1 metric=emulated_irq_response iteration=92 cpu=0 target_ns=3543834250 observed_ns=3544060916 latency_ns=226666
AXVISOR_RT_SAMPLE schema=1 metric=emulated_irq_response iteration=93 cpu=0 target_ns=3544834250 observed_ns=3545059583 latency_ns=225333
AXVISOR_RT_SAMPLE schema=1 metric=emulated_irq_response iteration=94 cpu=0 target_ns=3545834250 observed_ns=3546121250 latency_ns=287000
AXVISOR_RT_SAMPLE schema=1 metric=emulated_irq_response iteration=95 cpu=0 target_ns=3546834250 observed_ns=3547059833 latency_ns=225583
AXVISOR_RT_SAMPLE schema=1 metric=emulated_irq_response iteration=96 cpu=0 target_ns=3547834250 observed_ns=3548057041 latency_ns=222791
AXVISOR_RT_SAMPLE schema=1 metric=emulated_irq_response iteration=97 cpu=0 target_ns=3548834250 observed_ns=3549061541 latency_ns=227291
AXVISOR_RT_SAMPLE schema=1 metric=emulated_irq_response iteration=98 cpu=0 target_ns=3549834250 observed_ns=3550056416 latency_ns=222166
AXVISOR_RT_SAMPLE schema=1 metric=emulated_irq_response iteration=99 cpu=0 target_ns=3550834250 observed_ns=3551060625 latency_ns=226375
AXVISOR_RT_METRIC_COMPLETE schema=1 metric=emulated_irq_response count=100
AXVISOR_RT_WORKLOAD_STOPPED schema=1 kind=cpu-stress pid=19 cpu=1
AXVISOR_RT_WORKLOAD_CLEANED schema=1 kind=cpu-stress pid=19 status=0
AXVISOR_RT_GUEST_IRQ_TRACE_FILE schema=1 path=/var/lib/axvisor-rt/guest-timer-trace.log.gz compression=gzip bytes=9399 sha256=04dc6de5cd59bb3a8f940ada5d9da5be3cc5e92e272d49e6585cf422606acae5
AXVISOR_RT_RUN_COMPLETE
