AXVISOR_RT_RUN_START
AXVISOR_RT_GUEST_CPUS schema=1 os=starryos online=2
AXVISOR_RT_STARRY_CAPTURE schema=1 iterations=100 warmup=10 period_us=1000 measurement_cpu=0 stress_cpu=1 fifo_priority=80 workload=cpu-stress
AXVISOR_RT_WORKLOAD_READY schema=1 kind=cpu-stress pid=19 cpu=1
AXVISOR_RT_WORKLOAD_ACTIVE schema=1 kind=cpu-stress pid=19 cpu=1 affinity=1
AXVISOR_RT_PROBE schema=1 metric=periodic_jitter iterations=100 warmup=10 cpu=0
AXVISOR_RT_SAMPLE schema=1 metric=periodic_jitter iteration=0 cpu=0 target_ns=2505147250 observed_ns=2505340541 latency_ns=193291
AXVISOR_RT_SAMPLE schema=1 metric=periodic_jitter iteration=1 cpu=0 target_ns=2506147250 observed_ns=2506472500 latency_ns=325250
AXVISOR_RT_SAMPLE schema=1 metric=periodic_jitter iteration=2 cpu=0 target_ns=2507147250 observed_ns=2507348083 latency_ns=200833
AXVISOR_RT_SAMPLE schema=1 metric=periodic_jitter iteration=3 cpu=0 target_ns=2508147250 observed_ns=2508348208 latency_ns=200958
AXVISOR_RT_SAMPLE schema=1 metric=periodic_jitter iteration=4 cpu=0 target_ns=2509147250 observed_ns=2509347458 latency_ns=200208
AXVISOR_RT_SAMPLE schema=1 metric=periodic_jitter iteration=5 cpu=0 target_ns=2510147250 observed_ns=2510344375 latency_ns=197125
AXVISOR_RT_SAMPLE schema=1 metric=periodic_jitter iteration=6 cpu=0 target_ns=2511147250 observed_ns=2511347708 latency_ns=200458
AXVISOR_RT_SAMPLE schema=1 metric=periodic_jitter iteration=7 cpu=0 target_ns=2512147250 observed_ns=2512347833 latency_ns=200583
AXVISOR_RT_SAMPLE schema=1 metric=periodic_jitter iteration=8 cpu=0 target_ns=2513147250 observed_ns=2513350000 latency_ns=202750
AXVISOR_RT_SAMPLE schema=1 metric=periodic_jitter iteration=9 cpu=0 target_ns=2514147250 observed_ns=2514348958 latency_ns=201708
AXVISOR_RT_SAMPLE schema=1 metric=periodic_jitter iteration=10 cpu=0 target_ns=2515147250 observed_ns=2515347333 latency_ns=200083
AXVISOR_RT_SAMPLE schema=1 metric=periodic_jitter iteration=11 cpu=0 target_ns=2516147250 observed_ns=2516466166 latency_ns=318916
AXVISOR_RT_SAMPLE schema=1 metric=periodic_jitter iteration=12 cpu=0 target_ns=2517147250 observed_ns=2517347583 latency_ns=200333
AXVISOR_RT_SAMPLE schema=1 metric=periodic_jitter iteration=13 cpu=0 target_ns=2518147250 observed_ns=2518345958 latency_ns=198708
AXVISOR_RT_SAMPLE schema=1 metric=periodic_jitter iteration=14 cpu=0 target_ns=2519147250 observed_ns=2519349291 latency_ns=202041
AXVISOR_RT_SAMPLE schema=1 metric=periodic_jitter iteration=15 cpu=0 target_ns=2520147250 observed_ns=2520346208 latency_ns=198958
AXVISOR_RT_SAMPLE schema=1 metric=periodic_jitter iteration=16 cpu=0 target_ns=2521147250 observed_ns=2521344875 latency_ns=197625
AXVISOR_RT_SAMPLE schema=1 metric=periodic_jitter iteration=17 cpu=0 target_ns=2522147250 observed_ns=2522343250 latency_ns=196000
AXVISOR_RT_SAMPLE schema=1 metric=periodic_jitter iteration=18 cpu=0 target_ns=2523147250 observed_ns=2523350083 latency_ns=202833
AXVISOR_RT_SAMPLE schema=1 metric=periodic_jitter iteration=19 cpu=0 target_ns=2524147250 observed_ns=2524347583 latency_ns=200333
AXVISOR_RT_SAMPLE schema=1 metric=periodic_jitter iteration=20 cpu=0 target_ns=2525147250 observed_ns=2525348583 latency_ns=201333
AXVISOR_RT_SAMPLE schema=1 metric=periodic_jitter iteration=21 cpu=0 target_ns=2526147250 observed_ns=2526467708 latency_ns=320458
AXVISOR_RT_SAMPLE schema=1 metric=periodic_jitter iteration=22 cpu=0 target_ns=2527147250 observed_ns=2527348833 latency_ns=201583
AXVISOR_RT_SAMPLE schema=1 metric=periodic_jitter iteration=23 cpu=0 target_ns=2528147250 observed_ns=2528346625 latency_ns=199375
AXVISOR_RT_SAMPLE schema=1 metric=periodic_jitter iteration=24 cpu=0 target_ns=2529147250 observed_ns=2529347625 latency_ns=200375
AXVISOR_RT_SAMPLE schema=1 metric=periodic_jitter iteration=25 cpu=0 target_ns=2530147250 observed_ns=2530348916 latency_ns=201666
AXVISOR_RT_SAMPLE schema=1 metric=periodic_jitter iteration=26 cpu=0 target_ns=2531147250 observed_ns=2531345250 latency_ns=198000
AXVISOR_RT_SAMPLE schema=1 metric=periodic_jitter iteration=27 cpu=0 target_ns=2532147250 observed_ns=2532349166 latency_ns=201916
AXVISOR_RT_SAMPLE schema=1 metric=periodic_jitter iteration=28 cpu=0 target_ns=2533147250 observed_ns=2533348416 latency_ns=201166
AXVISOR_RT_SAMPLE schema=1 metric=periodic_jitter iteration=29 cpu=0 target_ns=2534147250 observed_ns=2534347375 latency_ns=200125
AXVISOR_RT_SAMPLE schema=1 metric=periodic_jitter iteration=30 cpu=0 target_ns=2535147250 observed_ns=2535342541 latency_ns=195291
AXVISOR_RT_SAMPLE schema=1 metric=periodic_jitter iteration=31 cpu=0 target_ns=2536147250 observed_ns=2536467500 latency_ns=320250
AXVISOR_RT_SAMPLE schema=1 metric=periodic_jitter iteration=32 cpu=0 target_ns=2537147250 observed_ns=2537348625 latency_ns=201375
AXVISOR_RT_SAMPLE schema=1 metric=periodic_jitter iteration=33 cpu=0 target_ns=2538147250 observed_ns=2538347583 latency_ns=200333
AXVISOR_RT_SAMPLE schema=1 metric=periodic_jitter iteration=34 cpu=0 target_ns=2539147250 observed_ns=2539343916 latency_ns=196666
AXVISOR_RT_SAMPLE schema=1 metric=periodic_jitter iteration=35 cpu=0 target_ns=2540147250 observed_ns=2540346375 latency_ns=199125
AXVISOR_RT_SAMPLE schema=1 metric=periodic_jitter iteration=36 cpu=0 target_ns=2541147250 observed_ns=2541347375 latency_ns=200125
AXVISOR_RT_SAMPLE schema=1 metric=periodic_jitter iteration=37 cpu=0 target_ns=2542147250 observed_ns=2542347500 latency_ns=200250
AXVISOR_RT_SAMPLE schema=1 metric=periodic_jitter iteration=38 cpu=0 target_ns=2543147250 observed_ns=2543347625 latency_ns=200375
AXVISOR_RT_SAMPLE schema=1 metric=periodic_jitter iteration=39 cpu=0 target_ns=2544147250 observed_ns=2544350375 latency_ns=203125
AXVISOR_RT_SAMPLE schema=1 metric=periodic_jitter iteration=40 cpu=0 target_ns=2545147250 observed_ns=2545347583 latency_ns=200333
AXVISOR_RT_SAMPLE schema=1 metric=periodic_jitter iteration=41 cpu=0 target_ns=2546147250 observed_ns=2546467875 latency_ns=320625
AXVISOR_RT_SAMPLE schema=1 metric=periodic_jitter iteration=42 cpu=0 target_ns=2547147250 observed_ns=2547346666 latency_ns=199416
AXVISOR_RT_SAMPLE schema=1 metric=periodic_jitter iteration=43 cpu=0 target_ns=2548147250 observed_ns=2548346791 latency_ns=199541
AXVISOR_RT_SAMPLE schema=1 metric=periodic_jitter iteration=44 cpu=0 target_ns=2549147250 observed_ns=2549348375 latency_ns=201125
AXVISOR_RT_SAMPLE schema=1 metric=periodic_jitter iteration=45 cpu=0 target_ns=2550147250 observed_ns=2550346458 latency_ns=199208
AXVISOR_RT_SAMPLE schema=1 metric=periodic_jitter iteration=46 cpu=0 target_ns=2551147250 observed_ns=2551350666 latency_ns=203416
AXVISOR_RT_SAMPLE schema=1 metric=periodic_jitter iteration=47 cpu=0 target_ns=2552147250 observed_ns=2552347875 latency_ns=200625
AXVISOR_RT_SAMPLE schema=1 metric=periodic_jitter iteration=48 cpu=0 target_ns=2553147250 observed_ns=2553350041 latency_ns=202791
AXVISOR_RT_SAMPLE schema=1 metric=periodic_jitter iteration=49 cpu=0 target_ns=2554147250 observed_ns=2554346958 latency_ns=199708
AXVISOR_RT_SAMPLE schema=1 metric=periodic_jitter iteration=50 cpu=0 target_ns=2555147250 observed_ns=2555348541 latency_ns=201291
AXVISOR_RT_SAMPLE schema=1 metric=periodic_jitter iteration=51 cpu=0 target_ns=2556147250 observed_ns=2556467083 latency_ns=319833
AXVISOR_RT_SAMPLE schema=1 metric=periodic_jitter iteration=52 cpu=0 target_ns=2557147250 observed_ns=2557348791 latency_ns=201541
AXVISOR_RT_SAMPLE schema=1 metric=periodic_jitter iteration=53 cpu=0 target_ns=2558147250 observed_ns=2558349208 latency_ns=201958
AXVISOR_RT_SAMPLE schema=1 metric=periodic_jitter iteration=54 cpu=0 target_ns=2559147250 observed_ns=2559347583 latency_ns=200333
AXVISOR_RT_SAMPLE schema=1 metric=periodic_jitter iteration=55 cpu=0 target_ns=2560147250 observed_ns=2560344791 latency_ns=197541
AXVISOR_RT_SAMPLE schema=1 metric=periodic_jitter iteration=56 cpu=0 target_ns=2561147250 observed_ns=2561344916 latency_ns=197666
AXVISOR_RT_SAMPLE schema=1 metric=periodic_jitter iteration=57 cpu=0 target_ns=2562147250 observed_ns=2562346500 latency_ns=199250
AXVISOR_RT_SAMPLE schema=1 metric=periodic_jitter iteration=58 cpu=0 target_ns=2563147250 observed_ns=2563340791 latency_ns=193541
AXVISOR_RT_SAMPLE schema=1 metric=periodic_jitter iteration=59 cpu=0 target_ns=2564147250 observed_ns=2564346458 latency_ns=199208
AXVISOR_RT_SAMPLE schema=1 metric=periodic_jitter iteration=60 cpu=0 target_ns=2565147250 observed_ns=2565348333 latency_ns=201083
AXVISOR_RT_SAMPLE schema=1 metric=periodic_jitter iteration=61 cpu=0 target_ns=2566147250 observed_ns=2566468625 latency_ns=321375
AXVISOR_RT_SAMPLE schema=1 metric=periodic_jitter iteration=62 cpu=0 target_ns=2567147250 observed_ns=2567346250 latency_ns=199000
AXVISOR_RT_SAMPLE schema=1 metric=periodic_jitter iteration=63 cpu=0 target_ns=2568147250 observed_ns=2568347250 latency_ns=200000
AXVISOR_RT_SAMPLE schema=1 metric=periodic_jitter iteration=64 cpu=0 target_ns=2569147250 observed_ns=2569348541 latency_ns=201291
AXVISOR_RT_SAMPLE schema=1 metric=periodic_jitter iteration=65 cpu=0 target_ns=2570147250 observed_ns=2570346625 latency_ns=199375
AXVISOR_RT_SAMPLE schema=1 metric=periodic_jitter iteration=66 cpu=0 target_ns=2571147250 observed_ns=2571345291 latency_ns=198041
AXVISOR_RT_SAMPLE schema=1 metric=periodic_jitter iteration=67 cpu=0 target_ns=2572147250 observed_ns=2572346291 latency_ns=199041
AXVISOR_RT_SAMPLE schema=1 metric=periodic_jitter iteration=68 cpu=0 target_ns=2573147250 observed_ns=2573349625 latency_ns=202375
AXVISOR_RT_SAMPLE schema=1 metric=periodic_jitter iteration=69 cpu=0 target_ns=2574147250 observed_ns=2574346541 latency_ns=199291
AXVISOR_RT_SAMPLE schema=1 metric=periodic_jitter iteration=70 cpu=0 target_ns=2575147250 observed_ns=2575346666 latency_ns=199416
AXVISOR_RT_SAMPLE schema=1 metric=periodic_jitter iteration=71 cpu=0 target_ns=2576147250 observed_ns=2576467250 latency_ns=320000
AXVISOR_RT_SAMPLE schema=1 metric=periodic_jitter iteration=72 cpu=0 target_ns=2577147250 observed_ns=2577348666 latency_ns=201416
AXVISOR_RT_SAMPLE schema=1 metric=periodic_jitter iteration=73 cpu=0 target_ns=2578147250 observed_ns=2578348500 latency_ns=201250
AXVISOR_RT_SAMPLE schema=1 metric=periodic_jitter iteration=74 cpu=0 target_ns=2579147250 observed_ns=2579347166 latency_ns=199916
AXVISOR_RT_SAMPLE schema=1 metric=periodic_jitter iteration=75 cpu=0 target_ns=2580147250 observed_ns=2580346708 latency_ns=199458
AXVISOR_RT_SAMPLE schema=1 metric=periodic_jitter iteration=76 cpu=0 target_ns=2581147250 observed_ns=2581345958 latency_ns=198708
AXVISOR_RT_SAMPLE schema=1 metric=periodic_jitter iteration=77 cpu=0 target_ns=2582147250 observed_ns=2582346958 latency_ns=199708
AXVISOR_RT_SAMPLE schema=1 metric=periodic_jitter iteration=78 cpu=0 target_ns=2583147250 observed_ns=2583347666 latency_ns=200416
AXVISOR_RT_SAMPLE schema=1 metric=periodic_jitter iteration=79 cpu=0 target_ns=2584147250 observed_ns=2584347500 latency_ns=200250
AXVISOR_RT_SAMPLE schema=1 metric=periodic_jitter iteration=80 cpu=0 target_ns=2585147250 observed_ns=2585349666 latency_ns=202416
AXVISOR_RT_SAMPLE schema=1 metric=periodic_jitter iteration=81 cpu=0 target_ns=2586147250 observed_ns=2586466458 latency_ns=319208
AXVISOR_RT_SAMPLE schema=1 metric=periodic_jitter iteration=82 cpu=0 target_ns=2587147250 observed_ns=2587348458 latency_ns=201208
AXVISOR_RT_SAMPLE schema=1 metric=periodic_jitter iteration=83 cpu=0 target_ns=2588147250 observed_ns=2588347708 latency_ns=200458
AXVISOR_RT_SAMPLE schema=1 metric=periodic_jitter iteration=84 cpu=0 target_ns=2589147250 observed_ns=2589346958 latency_ns=199708
AXVISOR_RT_SAMPLE schema=1 metric=periodic_jitter iteration=85 cpu=0 target_ns=2590147250 observed_ns=2590345041 latency_ns=197791
AXVISOR_RT_SAMPLE schema=1 metric=periodic_jitter iteration=86 cpu=0 target_ns=2591147250 observed_ns=2591354500 latency_ns=207250
AXVISOR_RT_SAMPLE schema=1 metric=periodic_jitter iteration=87 cpu=0 target_ns=2592147250 observed_ns=2592345000 latency_ns=197750
AXVISOR_RT_SAMPLE schema=1 metric=periodic_jitter iteration=88 cpu=0 target_ns=2593147250 observed_ns=2593348333 latency_ns=201083
AXVISOR_RT_SAMPLE schema=1 metric=periodic_jitter iteration=89 cpu=0 target_ns=2594147250 observed_ns=2594346708 latency_ns=199458
AXVISOR_RT_SAMPLE schema=1 metric=periodic_jitter iteration=90 cpu=0 target_ns=2595147250 observed_ns=2595350041 latency_ns=202791
AXVISOR_RT_SAMPLE schema=1 metric=periodic_jitter iteration=91 cpu=0 target_ns=2596147250 observed_ns=2596469458 latency_ns=322208
AXVISOR_RT_SAMPLE schema=1 metric=periodic_jitter iteration=92 cpu=0 target_ns=2597147250 observed_ns=2597348541 latency_ns=201291
AXVISOR_RT_SAMPLE schema=1 metric=periodic_jitter iteration=93 cpu=0 target_ns=2598147250 observed_ns=2598348375 latency_ns=201125
AXVISOR_RT_SAMPLE schema=1 metric=periodic_jitter iteration=94 cpu=0 target_ns=2599147250 observed_ns=2599346750 latency_ns=199500
AXVISOR_RT_SAMPLE schema=1 metric=periodic_jitter iteration=95 cpu=0 target_ns=2600147250 observed_ns=2600346583 latency_ns=199333
AXVISOR_RT_SAMPLE schema=1 metric=periodic_jitter iteration=96 cpu=0 target_ns=2601147250 observed_ns=2601346125 latency_ns=198875
AXVISOR_RT_SAMPLE schema=1 metric=periodic_jitter iteration=97 cpu=0 target_ns=2602147250 observed_ns=2602348875 latency_ns=201625
AXVISOR_RT_SAMPLE schema=1 metric=periodic_jitter iteration=98 cpu=0 target_ns=2603147250 observed_ns=2603347250 latency_ns=200000
AXVISOR_RT_SAMPLE schema=1 metric=periodic_jitter iteration=99 cpu=0 target_ns=2604147250 observed_ns=2604348833 latency_ns=201583
AXVISOR_RT_METRIC_COMPLETE schema=1 metric=periodic_jitter count=100
AXVISOR_RT_PROBE schema=1 metric=dispatch_latency iterations=100 warmup=10 cpu=0
AXVISOR_RT_SAMPLE schema=1 metric=dispatch_latency iteration=0 cpu=0 target_ns=3022674375 observed_ns=3022726583 latency_ns=52208
AXVISOR_RT_SAMPLE schema=1 metric=dispatch_latency iteration=1 cpu=0 target_ns=3022779083 observed_ns=3022831291 latency_ns=52208
AXVISOR_RT_SAMPLE schema=1 metric=dispatch_latency iteration=2 cpu=0 target_ns=3022883500 observed_ns=3022935416 latency_ns=51916
AXVISOR_RT_SAMPLE schema=1 metric=dispatch_latency iteration=3 cpu=0 target_ns=3022987333 observed_ns=3023039541 latency_ns=52208
AXVISOR_RT_SAMPLE schema=1 metric=dispatch_latency iteration=4 cpu=0 target_ns=3023091458 observed_ns=3023144541 latency_ns=53083
AXVISOR_RT_SAMPLE schema=1 metric=dispatch_latency iteration=5 cpu=0 target_ns=3023196166 observed_ns=3023248666 latency_ns=52500
AXVISOR_RT_SAMPLE schema=1 metric=dispatch_latency iteration=6 cpu=0 target_ns=3023300291 observed_ns=3023352208 latency_ns=51917
AXVISOR_RT_SAMPLE schema=1 metric=dispatch_latency iteration=7 cpu=0 target_ns=3023404125 observed_ns=3023456333 latency_ns=52208
AXVISOR_RT_SAMPLE schema=1 metric=dispatch_latency iteration=8 cpu=0 target_ns=3023508541 observed_ns=3023560458 latency_ns=51917
AXVISOR_RT_SAMPLE schema=1 metric=dispatch_latency iteration=9 cpu=0 target_ns=3023612666 observed_ns=3023664875 latency_ns=52209
AXVISOR_RT_SAMPLE schema=1 metric=dispatch_latency iteration=10 cpu=0 target_ns=3023716500 observed_ns=3023768708 latency_ns=52208
AXVISOR_RT_SAMPLE schema=1 metric=dispatch_latency iteration=11 cpu=0 target_ns=3023820625 observed_ns=3023872833 latency_ns=52208
AXVISOR_RT_SAMPLE schema=1 metric=dispatch_latency iteration=12 cpu=0 target_ns=3023925041 observed_ns=3023977833 latency_ns=52792
AXVISOR_RT_SAMPLE schema=1 metric=dispatch_latency iteration=13 cpu=0 target_ns=3024029458 observed_ns=3024081666 latency_ns=52208
AXVISOR_RT_SAMPLE schema=1 metric=dispatch_latency iteration=14 cpu=0 target_ns=3024133583 observed_ns=3024185500 latency_ns=51917
AXVISOR_RT_SAMPLE schema=1 metric=dispatch_latency iteration=15 cpu=0 target_ns=3024238000 observed_ns=3024290208 latency_ns=52208
AXVISOR_RT_SAMPLE schema=1 metric=dispatch_latency iteration=16 cpu=0 target_ns=3024341833 observed_ns=3024393750 latency_ns=51917
AXVISOR_RT_SAMPLE schema=1 metric=dispatch_latency iteration=17 cpu=0 target_ns=3024445666 observed_ns=3024497583 latency_ns=51917
AXVISOR_RT_SAMPLE schema=1 metric=dispatch_latency iteration=18 cpu=0 target_ns=3024549500 observed_ns=3024601416 latency_ns=51916
AXVISOR_RT_SAMPLE schema=1 metric=dispatch_latency iteration=19 cpu=0 target_ns=3024653625 observed_ns=3024705833 latency_ns=52208
AXVISOR_RT_SAMPLE schema=1 metric=dispatch_latency iteration=20 cpu=0 target_ns=3024757458 observed_ns=3024809666 latency_ns=52208
AXVISOR_RT_SAMPLE schema=1 metric=dispatch_latency iteration=21 cpu=0 target_ns=3024861875 observed_ns=3024914375 latency_ns=52500
AXVISOR_RT_SAMPLE schema=1 metric=dispatch_latency iteration=22 cpu=0 target_ns=3024965708 observed_ns=3025018208 latency_ns=52500
AXVISOR_RT_SAMPLE schema=1 metric=dispatch_latency iteration=23 cpu=0 target_ns=3025070125 observed_ns=3025122333 latency_ns=52208
AXVISOR_RT_SAMPLE schema=1 metric=dispatch_latency iteration=24 cpu=0 target_ns=3025174250 observed_ns=3025226166 latency_ns=51916
AXVISOR_RT_SAMPLE schema=1 metric=dispatch_latency iteration=25 cpu=0 target_ns=3025278083 observed_ns=3025330000 latency_ns=51917
AXVISOR_RT_SAMPLE schema=1 metric=dispatch_latency iteration=26 cpu=0 target_ns=3025381916 observed_ns=3025434125 latency_ns=52209
AXVISOR_RT_SAMPLE schema=1 metric=dispatch_latency iteration=27 cpu=0 target_ns=3025486333 observed_ns=3025538833 latency_ns=52500
AXVISOR_RT_SAMPLE schema=1 metric=dispatch_latency iteration=28 cpu=0 target_ns=3025590750 observed_ns=3025642666 latency_ns=51916
AXVISOR_RT_SAMPLE schema=1 metric=dispatch_latency iteration=29 cpu=0 target_ns=3025694583 observed_ns=3025746208 latency_ns=51625
AXVISOR_RT_SAMPLE schema=1 metric=dispatch_latency iteration=30 cpu=0 target_ns=3025798416 observed_ns=3025850625 latency_ns=52209
AXVISOR_RT_SAMPLE schema=1 metric=dispatch_latency iteration=31 cpu=0 target_ns=3025902250 observed_ns=3025954166 latency_ns=51916
AXVISOR_RT_SAMPLE schema=1 metric=dispatch_latency iteration=32 cpu=0 target_ns=3026006375 observed_ns=3026058583 latency_ns=52208
AXVISOR_RT_SAMPLE schema=1 metric=dispatch_latency iteration=33 cpu=0 target_ns=3026110208 observed_ns=3026162708 latency_ns=52500
AXVISOR_RT_SAMPLE schema=1 metric=dispatch_latency iteration=34 cpu=0 target_ns=3026214333 observed_ns=3026267125 latency_ns=52792
AXVISOR_RT_SAMPLE schema=1 metric=dispatch_latency iteration=35 cpu=0 target_ns=3026319041 observed_ns=3026524375 latency_ns=205334
AXVISOR_RT_SAMPLE schema=1 metric=dispatch_latency iteration=36 cpu=0 target_ns=3026579791 observed_ns=3026632583 latency_ns=52792
AXVISOR_RT_SAMPLE schema=1 metric=dispatch_latency iteration=37 cpu=0 target_ns=3026684791 observed_ns=3026737291 latency_ns=52500
AXVISOR_RT_SAMPLE schema=1 metric=dispatch_latency iteration=38 cpu=0 target_ns=3026789500 observed_ns=3026842000 latency_ns=52500
AXVISOR_RT_SAMPLE schema=1 metric=dispatch_latency iteration=39 cpu=0 target_ns=3026894208 observed_ns=3026947000 latency_ns=52792
AXVISOR_RT_SAMPLE schema=1 metric=dispatch_latency iteration=40 cpu=0 target_ns=3026998916 observed_ns=3027050833 latency_ns=51917
AXVISOR_RT_SAMPLE schema=1 metric=dispatch_latency iteration=41 cpu=0 target_ns=3027103333 observed_ns=3027155541 latency_ns=52208
AXVISOR_RT_SAMPLE schema=1 metric=dispatch_latency iteration=42 cpu=0 target_ns=3027207166 observed_ns=3027259083 latency_ns=51917
AXVISOR_RT_SAMPLE schema=1 metric=dispatch_latency iteration=43 cpu=0 target_ns=3027311000 observed_ns=3027363500 latency_ns=52500
AXVISOR_RT_SAMPLE schema=1 metric=dispatch_latency iteration=44 cpu=0 target_ns=3027414833 observed_ns=3027466458 latency_ns=51625
AXVISOR_RT_SAMPLE schema=1 metric=dispatch_latency iteration=45 cpu=0 target_ns=3027518375 observed_ns=3027570875 latency_ns=52500
AXVISOR_RT_SAMPLE schema=1 metric=dispatch_latency iteration=46 cpu=0 target_ns=3027622500 observed_ns=3027675000 latency_ns=52500
AXVISOR_RT_SAMPLE schema=1 metric=dispatch_latency iteration=47 cpu=0 target_ns=3027726916 observed_ns=3027778833 latency_ns=51917
AXVISOR_RT_SAMPLE schema=1 metric=dispatch_latency iteration=48 cpu=0 target_ns=3027830458 observed_ns=3027882666 latency_ns=52208
AXVISOR_RT_SAMPLE schema=1 metric=dispatch_latency iteration=49 cpu=0 target_ns=3027934291 observed_ns=3027986500 latency_ns=52209
AXVISOR_RT_SAMPLE schema=1 metric=dispatch_latency iteration=50 cpu=0 target_ns=3028038416 observed_ns=3028090916 latency_ns=52500
AXVISOR_RT_SAMPLE schema=1 metric=dispatch_latency iteration=51 cpu=0 target_ns=3028143125 observed_ns=3028194750 latency_ns=51625
AXVISOR_RT_SAMPLE schema=1 metric=dispatch_latency iteration=52 cpu=0 target_ns=3028246666 observed_ns=3028298875 latency_ns=52209
AXVISOR_RT_SAMPLE schema=1 metric=dispatch_latency iteration=53 cpu=0 target_ns=3028350791 observed_ns=3028403000 latency_ns=52209
AXVISOR_RT_SAMPLE schema=1 metric=dispatch_latency iteration=54 cpu=0 target_ns=3028454916 observed_ns=3028506541 latency_ns=51625
AXVISOR_RT_SAMPLE schema=1 metric=dispatch_latency iteration=55 cpu=0 target_ns=3028558458 observed_ns=3028610958 latency_ns=52500
AXVISOR_RT_SAMPLE schema=1 metric=dispatch_latency iteration=56 cpu=0 target_ns=3028662583 observed_ns=3028714500 latency_ns=51917
AXVISOR_RT_SAMPLE schema=1 metric=dispatch_latency iteration=57 cpu=0 target_ns=3028766708 observed_ns=3028818916 latency_ns=52208
AXVISOR_RT_SAMPLE schema=1 metric=dispatch_latency iteration=58 cpu=0 target_ns=3028870833 observed_ns=3028922750 latency_ns=51917
AXVISOR_RT_SAMPLE schema=1 metric=dispatch_latency iteration=59 cpu=0 target_ns=3029152000 observed_ns=3029210041 latency_ns=58041
AXVISOR_RT_SAMPLE schema=1 metric=dispatch_latency iteration=60 cpu=0 target_ns=3029264291 observed_ns=3029317375 latency_ns=53084
AXVISOR_RT_SAMPLE schema=1 metric=dispatch_latency iteration=61 cpu=0 target_ns=3029369583 observed_ns=3029498208 latency_ns=128625
AXVISOR_RT_SAMPLE schema=1 metric=dispatch_latency iteration=62 cpu=0 target_ns=3029552166 observed_ns=3029604958 latency_ns=52792
AXVISOR_RT_SAMPLE schema=1 metric=dispatch_latency iteration=63 cpu=0 target_ns=3029657458 observed_ns=3029710250 latency_ns=52792
AXVISOR_RT_SAMPLE schema=1 metric=dispatch_latency iteration=64 cpu=0 target_ns=3029762458 observed_ns=3029814666 latency_ns=52208
AXVISOR_RT_SAMPLE schema=1 metric=dispatch_latency iteration=65 cpu=0 target_ns=3029867166 observed_ns=3029919375 latency_ns=52209
AXVISOR_RT_SAMPLE schema=1 metric=dispatch_latency iteration=66 cpu=0 target_ns=3029971291 observed_ns=3030023791 latency_ns=52500
AXVISOR_RT_SAMPLE schema=1 metric=dispatch_latency iteration=67 cpu=0 target_ns=3030075416 observed_ns=3030127916 latency_ns=52500
AXVISOR_RT_SAMPLE schema=1 metric=dispatch_latency iteration=68 cpu=0 target_ns=3030179833 observed_ns=3030231750 latency_ns=51917
AXVISOR_RT_SAMPLE schema=1 metric=dispatch_latency iteration=69 cpu=0 target_ns=3030283958 observed_ns=3030336166 latency_ns=52208
AXVISOR_RT_SAMPLE schema=1 metric=dispatch_latency iteration=70 cpu=0 target_ns=3030388083 observed_ns=3030440000 latency_ns=51917
AXVISOR_RT_SAMPLE schema=1 metric=dispatch_latency iteration=71 cpu=0 target_ns=3030491916 observed_ns=3030544125 latency_ns=52209
AXVISOR_RT_SAMPLE schema=1 metric=dispatch_latency iteration=72 cpu=0 target_ns=3030596041 observed_ns=3030648541 latency_ns=52500
AXVISOR_RT_SAMPLE schema=1 metric=dispatch_latency iteration=73 cpu=0 target_ns=3030700166 observed_ns=3030752666 latency_ns=52500
AXVISOR_RT_SAMPLE schema=1 metric=dispatch_latency iteration=74 cpu=0 target_ns=3030805166 observed_ns=3030858250 latency_ns=53084
AXVISOR_RT_SAMPLE schema=1 metric=dispatch_latency iteration=75 cpu=0 target_ns=3030910166 observed_ns=3030962375 latency_ns=52209
AXVISOR_RT_SAMPLE schema=1 metric=dispatch_latency iteration=76 cpu=0 target_ns=3031014583 observed_ns=3031066791 latency_ns=52208
AXVISOR_RT_SAMPLE schema=1 metric=dispatch_latency iteration=77 cpu=0 target_ns=3031119000 observed_ns=3031171208 latency_ns=52208
AXVISOR_RT_SAMPLE schema=1 metric=dispatch_latency iteration=78 cpu=0 target_ns=3031223416 observed_ns=3031275625 latency_ns=52209
AXVISOR_RT_SAMPLE schema=1 metric=dispatch_latency iteration=79 cpu=0 target_ns=3031327250 observed_ns=3031379750 latency_ns=52500
AXVISOR_RT_SAMPLE schema=1 metric=dispatch_latency iteration=80 cpu=0 target_ns=3031431958 observed_ns=3031484166 latency_ns=52208
AXVISOR_RT_SAMPLE schema=1 metric=dispatch_latency iteration=81 cpu=0 target_ns=3031536083 observed_ns=3031588291 latency_ns=52208
AXVISOR_RT_SAMPLE schema=1 metric=dispatch_latency iteration=82 cpu=0 target_ns=3031639916 observed_ns=3031692125 latency_ns=52209
AXVISOR_RT_SAMPLE schema=1 metric=dispatch_latency iteration=83 cpu=0 target_ns=3031744041 observed_ns=3031795958 latency_ns=51917
AXVISOR_RT_SAMPLE schema=1 metric=dispatch_latency iteration=84 cpu=0 target_ns=3031847583 observed_ns=3031899500 latency_ns=51917
AXVISOR_RT_SAMPLE schema=1 metric=dispatch_latency iteration=85 cpu=0 target_ns=3031951708 observed_ns=3032004208 latency_ns=52500
AXVISOR_RT_SAMPLE schema=1 metric=dispatch_latency iteration=86 cpu=0 target_ns=3032056125 observed_ns=3032108625 latency_ns=52500
AXVISOR_RT_SAMPLE schema=1 metric=dispatch_latency iteration=87 cpu=0 target_ns=3032160250 observed_ns=3032212458 latency_ns=52208
AXVISOR_RT_SAMPLE schema=1 metric=dispatch_latency iteration=88 cpu=0 target_ns=3032264666 observed_ns=3032316583 latency_ns=51917
AXVISOR_RT_SAMPLE schema=1 metric=dispatch_latency iteration=89 cpu=0 target_ns=3032368791 observed_ns=3032421000 latency_ns=52209
AXVISOR_RT_SAMPLE schema=1 metric=dispatch_latency iteration=90 cpu=0 target_ns=3032473500 observed_ns=3032525416 latency_ns=51916
AXVISOR_RT_SAMPLE schema=1 metric=dispatch_latency iteration=91 cpu=0 target_ns=3032577333 observed_ns=3032629250 latency_ns=51917
AXVISOR_RT_SAMPLE schema=1 metric=dispatch_latency iteration=92 cpu=0 target_ns=3032680875 observed_ns=3032732500 latency_ns=51625
AXVISOR_RT_SAMPLE schema=1 metric=dispatch_latency iteration=93 cpu=0 target_ns=3032784708 observed_ns=3032836916 latency_ns=52208
AXVISOR_RT_SAMPLE schema=1 metric=dispatch_latency iteration=94 cpu=0 target_ns=3032888541 observed_ns=3032940750 latency_ns=52209
AXVISOR_RT_SAMPLE schema=1 metric=dispatch_latency iteration=95 cpu=0 target_ns=3032992375 observed_ns=3033044875 latency_ns=52500
AXVISOR_RT_SAMPLE schema=1 metric=dispatch_latency iteration=96 cpu=0 target_ns=3033096500 observed_ns=3033148416 latency_ns=51916
AXVISOR_RT_SAMPLE schema=1 metric=dispatch_latency iteration=97 cpu=0 target_ns=3033200333 observed_ns=3033252250 latency_ns=51917
AXVISOR_RT_SAMPLE schema=1 metric=dispatch_latency iteration=98 cpu=0 target_ns=3033304166 observed_ns=3033356375 latency_ns=52209
AXVISOR_RT_SAMPLE schema=1 metric=dispatch_latency iteration=99 cpu=0 target_ns=3033408291 observed_ns=3033460500 latency_ns=52209
AXVISOR_RT_METRIC_COMPLETE schema=1 metric=dispatch_latency count=100
AXVISOR_RT_PROBE schema=1 metric=emulated_irq_response iterations=100 warmup=10 cpu=0
AXVISOR_RT_SAMPLE schema=1 metric=emulated_irq_response iteration=0 cpu=0 target_ns=3449368791 observed_ns=3457951875 latency_ns=8583084
AXVISOR_RT_SAMPLE schema=1 metric=emulated_irq_response iteration=1 cpu=0 target_ns=3450368791 observed_ns=3458014000 latency_ns=7645209
AXVISOR_RT_SAMPLE schema=1 metric=emulated_irq_response iteration=2 cpu=0 target_ns=3451368791 observed_ns=3458075250 latency_ns=6706459
AXVISOR_RT_SAMPLE schema=1 metric=emulated_irq_response iteration=3 cpu=0 target_ns=3452368791 observed_ns=3458136500 latency_ns=5767709
AXVISOR_RT_SAMPLE schema=1 metric=emulated_irq_response iteration=4 cpu=0 target_ns=3453368791 observed_ns=3458198041 latency_ns=4829250
AXVISOR_RT_SAMPLE schema=1 metric=emulated_irq_response iteration=5 cpu=0 target_ns=3454368791 observed_ns=3458259000 latency_ns=3890209
AXVISOR_RT_SAMPLE schema=1 metric=emulated_irq_response iteration=6 cpu=0 target_ns=3455368791 observed_ns=3458320250 latency_ns=2951459
AXVISOR_RT_SAMPLE schema=1 metric=emulated_irq_response iteration=7 cpu=0 target_ns=3456368791 observed_ns=3458381500 latency_ns=2012709
AXVISOR_RT_SAMPLE schema=1 metric=emulated_irq_response iteration=8 cpu=0 target_ns=3457368791 observed_ns=3458442166 latency_ns=1073375
AXVISOR_RT_SAMPLE schema=1 metric=emulated_irq_response iteration=9 cpu=0 target_ns=3458368791 observed_ns=3458503125 latency_ns=134334
AXVISOR_RT_SAMPLE schema=1 metric=emulated_irq_response iteration=10 cpu=0 target_ns=3459368791 observed_ns=3459613791 latency_ns=245000
AXVISOR_RT_SAMPLE schema=1 metric=emulated_irq_response iteration=11 cpu=0 target_ns=3460368791 observed_ns=3460595250 latency_ns=226459
AXVISOR_RT_SAMPLE schema=1 metric=emulated_irq_response iteration=12 cpu=0 target_ns=3461368791 observed_ns=3461597125 latency_ns=228334
AXVISOR_RT_SAMPLE schema=1 metric=emulated_irq_response iteration=13 cpu=0 target_ns=3462368791 observed_ns=3462598125 latency_ns=229334
AXVISOR_RT_SAMPLE schema=1 metric=emulated_irq_response iteration=14 cpu=0 target_ns=3463368791 observed_ns=3463596500 latency_ns=227709
AXVISOR_RT_SAMPLE schema=1 metric=emulated_irq_response iteration=15 cpu=0 target_ns=3464368791 observed_ns=3464596041 latency_ns=227250
AXVISOR_RT_SAMPLE schema=1 metric=emulated_irq_response iteration=16 cpu=0 target_ns=3465368791 observed_ns=3465595875 latency_ns=227084
AXVISOR_RT_SAMPLE schema=1 metric=emulated_irq_response iteration=17 cpu=0 target_ns=3466368791 observed_ns=3466566833 latency_ns=198042
AXVISOR_RT_SAMPLE schema=1 metric=emulated_irq_response iteration=18 cpu=0 target_ns=3467368791 observed_ns=3467596708 latency_ns=227917
AXVISOR_RT_SAMPLE schema=1 metric=emulated_irq_response iteration=19 cpu=0 target_ns=3468368791 observed_ns=3468595958 latency_ns=227167
AXVISOR_RT_SAMPLE schema=1 metric=emulated_irq_response iteration=20 cpu=0 target_ns=3469368791 observed_ns=3469602208 latency_ns=233417
AXVISOR_RT_SAMPLE schema=1 metric=emulated_irq_response iteration=21 cpu=0 target_ns=3470368791 observed_ns=3470594458 latency_ns=225667
AXVISOR_RT_SAMPLE schema=1 metric=emulated_irq_response iteration=22 cpu=0 target_ns=3471368791 observed_ns=3471592833 latency_ns=224042
AXVISOR_RT_SAMPLE schema=1 metric=emulated_irq_response iteration=23 cpu=0 target_ns=3472368791 observed_ns=3472599958 latency_ns=231167
AXVISOR_RT_SAMPLE schema=1 metric=emulated_irq_response iteration=24 cpu=0 target_ns=3473368791 observed_ns=3473596291 latency_ns=227500
AXVISOR_RT_SAMPLE schema=1 metric=emulated_irq_response iteration=25 cpu=0 target_ns=3474368791 observed_ns=3474595250 latency_ns=226459
AXVISOR_RT_SAMPLE schema=1 metric=emulated_irq_response iteration=26 cpu=0 target_ns=3475368791 observed_ns=3475597708 latency_ns=228917
AXVISOR_RT_SAMPLE schema=1 metric=emulated_irq_response iteration=27 cpu=0 target_ns=3476368791 observed_ns=3476564291 latency_ns=195500
AXVISOR_RT_SAMPLE schema=1 metric=emulated_irq_response iteration=28 cpu=0 target_ns=3477368791 observed_ns=3477594750 latency_ns=225959
AXVISOR_RT_SAMPLE schema=1 metric=emulated_irq_response iteration=29 cpu=0 target_ns=3478368791 observed_ns=3478594291 latency_ns=225500
AXVISOR_RT_SAMPLE schema=1 metric=emulated_irq_response iteration=30 cpu=0 target_ns=3479368791 observed_ns=3479602000 latency_ns=233209
AXVISOR_RT_SAMPLE schema=1 metric=emulated_irq_response iteration=31 cpu=0 target_ns=3480368791 observed_ns=3480593958 latency_ns=225167
AXVISOR_RT_SAMPLE schema=1 metric=emulated_irq_response iteration=32 cpu=0 target_ns=3481368791 observed_ns=3481594666 latency_ns=225875
AXVISOR_RT_SAMPLE schema=1 metric=emulated_irq_response iteration=33 cpu=0 target_ns=3482368791 observed_ns=3482598583 latency_ns=229792
AXVISOR_RT_SAMPLE schema=1 metric=emulated_irq_response iteration=34 cpu=0 target_ns=3483368791 observed_ns=3483594625 latency_ns=225834
AXVISOR_RT_SAMPLE schema=1 metric=emulated_irq_response iteration=35 cpu=0 target_ns=3484368791 observed_ns=3484594166 latency_ns=225375
AXVISOR_RT_SAMPLE schema=1 metric=emulated_irq_response iteration=36 cpu=0 target_ns=3485368791 observed_ns=3485594583 latency_ns=225792
AXVISOR_RT_SAMPLE schema=1 metric=emulated_irq_response iteration=37 cpu=0 target_ns=3486368791 observed_ns=3486568166 latency_ns=199375
AXVISOR_RT_SAMPLE schema=1 metric=emulated_irq_response iteration=38 cpu=0 target_ns=3487368791 observed_ns=3487596291 latency_ns=227500
AXVISOR_RT_SAMPLE schema=1 metric=emulated_irq_response iteration=39 cpu=0 target_ns=3488368791 observed_ns=3488596125 latency_ns=227334
AXVISOR_RT_SAMPLE schema=1 metric=emulated_irq_response iteration=40 cpu=0 target_ns=3489368791 observed_ns=3489603833 latency_ns=235042
AXVISOR_RT_SAMPLE schema=1 metric=emulated_irq_response iteration=41 cpu=0 target_ns=3490368791 observed_ns=3490596375 latency_ns=227584
AXVISOR_RT_SAMPLE schema=1 metric=emulated_irq_response iteration=42 cpu=0 target_ns=3491368791 observed_ns=3491598250 latency_ns=229459
AXVISOR_RT_SAMPLE schema=1 metric=emulated_irq_response iteration=43 cpu=0 target_ns=3492368791 observed_ns=3492599833 latency_ns=231042
AXVISOR_RT_SAMPLE schema=1 metric=emulated_irq_response iteration=44 cpu=0 target_ns=3493368791 observed_ns=3493596166 latency_ns=227375
AXVISOR_RT_SAMPLE schema=1 metric=emulated_irq_response iteration=45 cpu=0 target_ns=3494368791 observed_ns=3494596291 latency_ns=227500
AXVISOR_RT_SAMPLE schema=1 metric=emulated_irq_response iteration=46 cpu=0 target_ns=3495368791 observed_ns=3495594958 latency_ns=226167
AXVISOR_RT_SAMPLE schema=1 metric=emulated_irq_response iteration=47 cpu=0 target_ns=3496368791 observed_ns=3496567083 latency_ns=198292
AXVISOR_RT_SAMPLE schema=1 metric=emulated_irq_response iteration=48 cpu=0 target_ns=3497368791 observed_ns=3497598416 latency_ns=229625
AXVISOR_RT_SAMPLE schema=1 metric=emulated_irq_response iteration=49 cpu=0 target_ns=3498368791 observed_ns=3498596500 latency_ns=227709
AXVISOR_RT_SAMPLE schema=1 metric=emulated_irq_response iteration=50 cpu=0 target_ns=3499368791 observed_ns=3499619666 latency_ns=250875
AXVISOR_RT_SAMPLE schema=1 metric=emulated_irq_response iteration=51 cpu=0 target_ns=3500368791 observed_ns=3500592375 latency_ns=223584
AXVISOR_RT_SAMPLE schema=1 metric=emulated_irq_response iteration=52 cpu=0 target_ns=3501368791 observed_ns=3501592500 latency_ns=223709
AXVISOR_RT_SAMPLE schema=1 metric=emulated_irq_response iteration=53 cpu=0 target_ns=3502368791 observed_ns=3502597583 latency_ns=228792
AXVISOR_RT_SAMPLE schema=1 metric=emulated_irq_response iteration=54 cpu=0 target_ns=3503368791 observed_ns=3503593625 latency_ns=224834
AXVISOR_RT_SAMPLE schema=1 metric=emulated_irq_response iteration=55 cpu=0 target_ns=3504368791 observed_ns=3504594916 latency_ns=226125
AXVISOR_RT_SAMPLE schema=1 metric=emulated_irq_response iteration=56 cpu=0 target_ns=3505368791 observed_ns=3505595625 latency_ns=226834
AXVISOR_RT_SAMPLE schema=1 metric=emulated_irq_response iteration=57 cpu=0 target_ns=3506368791 observed_ns=3506563083 latency_ns=194292
AXVISOR_RT_SAMPLE schema=1 metric=emulated_irq_response iteration=58 cpu=0 target_ns=3507368791 observed_ns=3507594416 latency_ns=225625
AXVISOR_RT_SAMPLE schema=1 metric=emulated_irq_response iteration=59 cpu=0 target_ns=3508368791 observed_ns=3508596000 latency_ns=227209
AXVISOR_RT_SAMPLE schema=1 metric=emulated_irq_response iteration=60 cpu=0 target_ns=3509368791 observed_ns=3509599333 latency_ns=230542
AXVISOR_RT_SAMPLE schema=1 metric=emulated_irq_response iteration=61 cpu=0 target_ns=3510368791 observed_ns=3510593916 latency_ns=225125
AXVISOR_RT_SAMPLE schema=1 metric=emulated_irq_response iteration=62 cpu=0 target_ns=3511368791 observed_ns=3511594625 latency_ns=225834
AXVISOR_RT_SAMPLE schema=1 metric=emulated_irq_response iteration=63 cpu=0 target_ns=3512368791 observed_ns=3512600583 latency_ns=231792
AXVISOR_RT_SAMPLE schema=1 metric=emulated_irq_response iteration=64 cpu=0 target_ns=3513368791 observed_ns=3513593708 latency_ns=224917
AXVISOR_RT_SAMPLE schema=1 metric=emulated_irq_response iteration=65 cpu=0 target_ns=3514368791 observed_ns=3514599083 latency_ns=230292
AXVISOR_RT_SAMPLE schema=1 metric=emulated_irq_response iteration=66 cpu=0 target_ns=3515368791 observed_ns=3515596000 latency_ns=227209
AXVISOR_RT_SAMPLE schema=1 metric=emulated_irq_response iteration=67 cpu=0 target_ns=3516368791 observed_ns=3516564916 latency_ns=196125
AXVISOR_RT_SAMPLE schema=1 metric=emulated_irq_response iteration=68 cpu=0 target_ns=3517368791 observed_ns=3517594500 latency_ns=225709
AXVISOR_RT_SAMPLE schema=1 metric=emulated_irq_response iteration=69 cpu=0 target_ns=3518368791 observed_ns=3518594625 latency_ns=225834
AXVISOR_RT_SAMPLE schema=1 metric=emulated_irq_response iteration=70 cpu=0 target_ns=3519368791 observed_ns=3519599416 latency_ns=230625
AXVISOR_RT_SAMPLE schema=1 metric=emulated_irq_response iteration=71 cpu=0 target_ns=3520368791 observed_ns=3520594000 latency_ns=225209
AXVISOR_RT_SAMPLE schema=1 metric=emulated_irq_response iteration=72 cpu=0 target_ns=3521368791 observed_ns=3521592958 latency_ns=224167
AXVISOR_RT_SAMPLE schema=1 metric=emulated_irq_response iteration=73 cpu=0 target_ns=3522368791 observed_ns=3522598041 latency_ns=229250
AXVISOR_RT_SAMPLE schema=1 metric=emulated_irq_response iteration=74 cpu=0 target_ns=3523368791 observed_ns=3523596125 latency_ns=227334
AXVISOR_RT_SAMPLE schema=1 metric=emulated_irq_response iteration=75 cpu=0 target_ns=3524368791 observed_ns=3524594500 latency_ns=225709
AXVISOR_RT_SAMPLE schema=1 metric=emulated_irq_response iteration=76 cpu=0 target_ns=3525368791 observed_ns=3525595791 latency_ns=227000
AXVISOR_RT_SAMPLE schema=1 metric=emulated_irq_response iteration=77 cpu=0 target_ns=3526368791 observed_ns=3526563250 latency_ns=194459
AXVISOR_RT_SAMPLE schema=1 metric=emulated_irq_response iteration=78 cpu=0 target_ns=3527368791 observed_ns=3527595750 latency_ns=226959
AXVISOR_RT_SAMPLE schema=1 metric=emulated_irq_response iteration=79 cpu=0 target_ns=3528368791 observed_ns=3528595583 latency_ns=226792
AXVISOR_RT_SAMPLE schema=1 metric=emulated_irq_response iteration=80 cpu=0 target_ns=3529368791 observed_ns=3529600666 latency_ns=231875
AXVISOR_RT_SAMPLE schema=1 metric=emulated_irq_response iteration=81 cpu=0 target_ns=3530368791 observed_ns=3530595250 latency_ns=226459
AXVISOR_RT_SAMPLE schema=1 metric=emulated_irq_response iteration=82 cpu=0 target_ns=3531368791 observed_ns=3531592166 latency_ns=223375
AXVISOR_RT_SAMPLE schema=1 metric=emulated_irq_response iteration=83 cpu=0 target_ns=3532368791 observed_ns=3532598708 latency_ns=229917
AXVISOR_RT_SAMPLE schema=1 metric=emulated_irq_response iteration=84 cpu=0 target_ns=3533368791 observed_ns=3533594458 latency_ns=225667
AXVISOR_RT_SAMPLE schema=1 metric=emulated_irq_response iteration=85 cpu=0 target_ns=3534368791 observed_ns=3534594875 latency_ns=226084
AXVISOR_RT_SAMPLE schema=1 metric=emulated_irq_response iteration=86 cpu=0 target_ns=3535368791 observed_ns=3535596750 latency_ns=227959
AXVISOR_RT_SAMPLE schema=1 metric=emulated_irq_response iteration=87 cpu=0 target_ns=3536368791 observed_ns=3536565083 latency_ns=196292
AXVISOR_RT_SAMPLE schema=1 metric=emulated_irq_response iteration=88 cpu=0 target_ns=3537368791 observed_ns=3537597583 latency_ns=228792
AXVISOR_RT_SAMPLE schema=1 metric=emulated_irq_response iteration=89 cpu=0 target_ns=3538368791 observed_ns=3538595375 latency_ns=226584
AXVISOR_RT_SAMPLE schema=1 metric=emulated_irq_response iteration=90 cpu=0 target_ns=3539368791 observed_ns=3539600166 latency_ns=231375
AXVISOR_RT_SAMPLE schema=1 metric=emulated_irq_response iteration=91 cpu=0 target_ns=3540368791 observed_ns=3540593583 latency_ns=224792
AXVISOR_RT_SAMPLE schema=1 metric=emulated_irq_response iteration=92 cpu=0 target_ns=3541368791 observed_ns=3541594291 latency_ns=225500
AXVISOR_RT_SAMPLE schema=1 metric=emulated_irq_response iteration=93 cpu=0 target_ns=3542368791 observed_ns=3542601708 latency_ns=232917
AXVISOR_RT_SAMPLE schema=1 metric=emulated_irq_response iteration=94 cpu=0 target_ns=3543368791 observed_ns=3543596583 latency_ns=227792
AXVISOR_RT_SAMPLE schema=1 metric=emulated_irq_response iteration=95 cpu=0 target_ns=3544368791 observed_ns=3544595541 latency_ns=226750
AXVISOR_RT_SAMPLE schema=1 metric=emulated_irq_response iteration=96 cpu=0 target_ns=3545368791 observed_ns=3545596250 latency_ns=227459
AXVISOR_RT_SAMPLE schema=1 metric=emulated_irq_response iteration=97 cpu=0 target_ns=3546368791 observed_ns=3546564583 latency_ns=195792
AXVISOR_RT_SAMPLE schema=1 metric=emulated_irq_response iteration=98 cpu=0 target_ns=3547368791 observed_ns=3547597666 latency_ns=228875
AXVISOR_RT_SAMPLE schema=1 metric=emulated_irq_response iteration=99 cpu=0 target_ns=3548368791 observed_ns=3548594291 latency_ns=225500
AXVISOR_RT_METRIC_COMPLETE schema=1 metric=emulated_irq_response count=100
AXVISOR_RT_WORKLOAD_STOPPED schema=1 kind=cpu-stress pid=19 cpu=1
AXVISOR_RT_WORKLOAD_CLEANED schema=1 kind=cpu-stress pid=19 status=0
AXVISOR_RT_GUEST_IRQ_TRACE_FILE schema=1 path=/var/lib/axvisor-rt/guest-timer-trace.log.gz compression=gzip bytes=9443 sha256=e035092df338324d32e09b2e90e81fe0402da11259291faf3b0e9a85e71153bf
AXVISOR_RT_RUN_COMPLETE
